Archive member included to satisfy reference by file (symbol)

D:/devkitpro/libnds/lib\libnds9.a(console.o)
                              main.o (consoleDemoInit)
D:/devkitpro/libnds/lib\libnds9.a(initSystem.o)
                              d:/devkitpro/devkitarm/bin/../lib/gcc/arm-none-eabi/10.2.0/../../../../arm-none-eabi/lib/ds_arm9_crt0.o (initSystem)
D:/devkitpro/libnds/lib\libnds9.a(timeSupport.o)
                              D:/devkitpro/libnds/lib\libnds9.a(initSystem.o) (__libnds_gtod)
D:/devkitpro/libnds/lib\libnds9.a(securearea.o)
                              d:/devkitpro/devkitarm/bin/../lib/gcc/arm-none-eabi/10.2.0/../../../../arm-none-eabi/lib/ds_arm9_crt0.o (__secure_area__)
D:/devkitpro/libnds/lib\libnds9.a(interrupts.o)
                              D:/devkitpro/libnds/lib\libnds9.a(initSystem.o) (irqInit)
D:/devkitpro/libnds/lib\libnds9.a(libnds_exit.arm.o)
                              d:/devkitpro/devkitarm/bin/../lib/gcc/arm-none-eabi/10.2.0/../../../../arm-none-eabi/lib/ds_arm9_crt0.o (__libnds_exit)
D:/devkitpro/libnds/lib\libnds9.a(fifosystem.o)
                              D:/devkitpro/libnds/lib\libnds9.a(initSystem.o) (fifoSetValue32Handler)
D:/devkitpro/libnds/lib\libnds9.a(mpu_setup.o)
                              d:/devkitpro/devkitarm/bin/../lib/gcc/arm-none-eabi/10.2.0/../../../../arm-none-eabi/lib/ds_arm9_crt0.o (__libnds_mpu_setup)
D:/devkitpro/libnds/lib\libnds9.a(IntrWait.o)
                              main.o (swiWaitForVBlank)
D:/devkitpro/libnds/lib\libnds9.a(cpu_clock.o)
                              D:/devkitpro/libnds/lib\libnds9.a(initSystem.o) (setCpuClock)
D:/devkitpro/libnds/lib\libnds9.a(interruptDispatcher.o)
                              D:/devkitpro/libnds/lib\libnds9.a(interrupts.o) (IntrMain)
D:/devkitpro/libnds/lib\libnds9.a(debugprint.o)
                              D:/devkitpro/libnds/lib\libnds9.a(console.o) (nocashWrite)
D:/devkitpro/libnds/lib\libnds9.a(swiSoftReset.o)
                              D:/devkitpro/libnds/lib\libnds9.a(fifosystem.o) (swiSoftReset)
D:/devkitpro/libnds/lib\libnds9.a(default_font.bin.o)
                              D:/devkitpro/libnds/lib\libnds9.a(console.o) (default_font_bin)
D:/devkitpro/libnds/lib\libnds9.a(background.o)
                              D:/devkitpro/libnds/lib\libnds9.a(console.o) (bgState)
D:/devkitpro/libnds/lib\libnds9.a(video.o)
                              D:/devkitpro/libnds/lib\libnds9.a(initSystem.o) (vramDefault)
D:/devkitpro/libnds/lib\libnds9.a(system.o)
                              D:/devkitpro/libnds/lib\libnds9.a(initSystem.o) (systemValueHandler)
D:/devkitpro/libnds/lib\libnds9.a(trig.o)
                              D:/devkitpro/libnds/lib\libnds9.a(background.o) (sinLerp)
D:/devkitpro/libnds/lib\libnds9.a(biosCalls.o)
                              D:/devkitpro/libnds/lib\libnds9.a(system.o) (swiDelay)
d:/devkitpro/devkitarm/bin/../lib/gcc/arm-none-eabi/10.2.0\libgcc.a(_divsi3.o)
                              D:/devkitpro/libnds/lib\libnds9.a(console.o) (__aeabi_idivmod)
d:/devkitpro/devkitarm/bin/../lib/gcc/arm-none-eabi/10.2.0\libgcc.a(_dvmd_tls.o)
                              d:/devkitpro/devkitarm/bin/../lib/gcc/arm-none-eabi/10.2.0\libgcc.a(_divsi3.o) (__aeabi_idiv0)
d:/devkitpro/devkitarm/bin/../lib/gcc/arm-none-eabi/10.2.0/../../../../arm-none-eabi/lib\libg.a(lib_a-bsearch.o)
                              D:/devkitpro/libnds/lib\libnds9.a(trig.o) (bsearch)
d:/devkitpro/devkitarm/bin/../lib/gcc/arm-none-eabi/10.2.0/../../../../arm-none-eabi/lib\libg.a(lib_a-init.o)
                              d:/devkitpro/devkitarm/bin/../lib/gcc/arm-none-eabi/10.2.0/../../../../arm-none-eabi/lib/ds_arm9_crt0.o (__libc_init_array)
d:/devkitpro/devkitarm/bin/../lib/gcc/arm-none-eabi/10.2.0/../../../../arm-none-eabi/lib\libg.a(lib_a-iprintf.o)
                              main.o (iprintf)
d:/devkitpro/devkitarm/bin/../lib/gcc/arm-none-eabi/10.2.0/../../../../arm-none-eabi/lib\libg.a(lib_a-memcpy-stub.o)
                              D:/devkitpro/libnds/lib\libnds9.a(console.o) (memcpy)
d:/devkitpro/devkitarm/bin/../lib/gcc/arm-none-eabi/10.2.0/../../../../arm-none-eabi/lib\libg.a(lib_a-memset.o)
                              D:/devkitpro/libnds/lib\libnds9.a(background.o) (memset)
d:/devkitpro/devkitarm/bin/../lib/gcc/arm-none-eabi/10.2.0/../../../../arm-none-eabi/lib\libg.a(lib_a-setvbuf.o)
                              D:/devkitpro/libnds/lib\libnds9.a(console.o) (setvbuf)
d:/devkitpro/devkitarm/bin/../lib/gcc/arm-none-eabi/10.2.0/../../../../arm-none-eabi/lib\libg.a(lib_a-siscanf.o)
                              D:/devkitpro/libnds/lib\libnds9.a(console.o) (siscanf)
d:/devkitpro/devkitarm/bin/../lib/gcc/arm-none-eabi/10.2.0/../../../../arm-none-eabi/lib\libg.a(lib_a-stdio.o)
                              d:/devkitpro/devkitarm/bin/../lib/gcc/arm-none-eabi/10.2.0/../../../../arm-none-eabi/lib\libg.a(lib_a-siscanf.o) (__seofread)
[...]
Memory Configuration

Name             Origin             Length             Attributes
ewram            0x0000000002000000 0x0000000000380000
dtcm             0x0000000002ff0000 0x0000000000004000
vectors          0x0000000001000000 0x0000000000000100
itcm             0x0000000001000100 0x0000000000007f00
*default*        0x0000000000000000 0xffffffffffffffff

Linker script and memory map

                0x0000000002380000                __ewram_end = (ORIGIN (ewram) + LENGTH (ewram))
                0x0000000002380000                __eheap_end = (ORIGIN (ewram) + LENGTH (ewram))
                0x0000000002ff4000                __dtcm_top = (ORIGIN (dtcm) + LENGTH (dtcm))
                0x0000000002ff3ff8                __irq_flags = (__dtcm_top - 0x8)
                0x0000000002ff3ffc                __irq_vector = (__dtcm_top - 0x4)
                0x0000000002ff3f00                __sp_svc = (__dtcm_top - 0x100)
                0x0000000002ff3e00                __sp_irq = (__sp_svc - 0x100)
                0x0000000002ff3d00                __sp_usr = (__sp_irq - 0x100)

.secure         0x0000000002000000      0x800
 *(.secure)
 .secure        0x0000000002000000      0x800 D:/devkitpro/libnds/lib\libnds9.a(securearea.o)
                0x0000000002000000                __secure_area__

.crt0           0x0000000002000800      0x300
                0x0000000002000800                __text_start = .
 *(.crt0)
 .crt0          0x0000000002000800      0x300 d:/devkitpro/devkitarm/bin/../lib/gcc/arm-none-eabi/10.2.0/../../../../arm-none-eabi/lib/ds_arm9_crt0.o
                0x0000000002000800                _start
                0x0000000002000b00                . = ALIGN (0x4)

.plt
 *(.plt)

.init           0x0000000002000b00       0x18
 *(SORT_NONE(.init))
 .init          0x0000000002000b00        0xc d:/devkitpro/devkitarm/bin/../lib/gcc/arm-none-eabi/10.2.0/crti.o
                0x0000000002000b00                _init
 .init          0x0000000002000b0c        0xc d:/devkitpro/devkitarm/bin/../lib/gcc/arm-none-eabi/10.2.0/crtn.o

.text           0x0000000002000b18     0xbcd8
 *(EXCLUDE_FILE(*.twl* *.vectors* *.itcm*) .text)
 .text          0x0000000002000b18      0x148 d:/devkitpro/devkitarm/bin/../lib/gcc/arm-none-eabi/10.2.0\libgcc.a(_divsi3.o)
                0x0000000002000b18                __divsi3
                0x0000000002000b18                __aeabi_idiv
                0x0000000002000c40                __aeabi_idivmod
 .text          0x0000000002000c60        0x4 d:/devkitpro/devkitarm/bin/../lib/gcc/arm-none-eabi/10.2.0\libgcc.a(_dvmd_tls.o)
                0x0000000002000c60                __aeabi_idiv0
                0x0000000002000c60                __aeabi_ldiv0
 .text          0x0000000002000c64      0x224 d:/devkitpro/devkitarm/bin/../lib/gcc/arm-none-eabi/10.2.0/../../../../arm-none-eabi/lib\libg.a(lib_a-strcmp.o)
                0x0000000002000c64                strcmp
 .text          0x0000000002000e88      0x114 d:/devkitpro/devkitarm/bin/../lib/gcc/arm-none-eabi/10.2.0\libgcc.a(_udivsi3.o)
                0x0000000002000e88                __aeabi_uidiv
                0x0000000002000e88                __udivsi3
                0x0000000002000f7c                __aeabi_uidivmod
 .text          0x0000000002000f9c       0x3c d:/devkitpro/devkitarm/bin/../lib/gcc/arm-none-eabi/10.2.0\libgcc.a(_aeabi_uldivmod.o)
                0x0000000002000f9c                __aeabi_uldivmod
 .text          0x0000000002000fd8       0x28 d:/devkitpro/devkitarm/bin/../lib/gcc/arm-none-eabi/10.2.0\libgcc.a(_clzdi2.o)
                0x0000000002000fd8                __clzdi2
 .text          0x0000000002001000       0x48 d:/devkitpro/devkitarm/bin/../lib/gcc/arm-none-eabi/10.2.0\libgcc.a(_clzsi2.o)
                0x0000000002001000                __clzsi2
 *(EXCLUDE_FILE(*.twl* *.vectors* *.itcm*) .stub)
 *(EXCLUDE_FILE(*.twl* *.vectors* *.itcm*) .text.*)
 .text.__do_global_dtors_aux
                0x0000000002001048       0x40 d:/devkitpro/devkitarm/bin/../lib/gcc/arm-none-eabi/10.2.0/crtbegin.o
 .text.frame_dummy
                0x0000000002001088       0x30 d:/devkitpro/devkitarm/bin/../lib/gcc/arm-none-eabi/10.2.0/crtbegin.o
 .text.startup  0x00000000020010b8       0x1c main.o
                0x00000000020010b8                main
 .text.newRow   0x00000000020010d4       0xb0 D:/devkitpro/libnds/lib\libnds9.a(console.o)
 .text.consolePrintChar
                0x0000000002001184       0xec D:/devkitpro/libnds/lib\libnds9.a(console.o)
                0x0000000002001184                consolePrintChar
 .text.con_write
                0x0000000002001270      0x374 D:/devkitpro/libnds/lib\libnds9.a(console.o)
                0x0000000002001270                con_write
 .text.consoleLoadFont
                0x00000000020015e4      0x2a8 D:/devkitpro/libnds/lib\libnds9.a(console.o)
                0x00000000020015e4                consoleLoadFont
 .text.consoleInit
                0x000000000200188c      0x194 D:/devkitpro/libnds/lib\libnds9.a(console.o)
                0x000000000200188c                consoleInit
 .text.consoleDemoInit
                0x0000000002001a20       0x40 D:/devkitpro/libnds/lib\libnds9.a(console.o)
                0x0000000002001a20                consoleDemoInit
 .text.initSystem
                0x0000000002001a60      0x198 D:/devkitpro/libnds/lib\libnds9.a(initSystem.o)
                0x0000000002001a60                initSystem
 .text.__libnds_gtod
                0x0000000002001bf8       0x28 D:/devkitpro/libnds/lib\libnds9.a(timeSupport.o)
                0x0000000002001bf8                __libnds_gtod
 .text.irqDummy
                0x0000000002001c20        0x4 D:/devkitpro/libnds/lib\libnds9.a(interrupts.o)
                0x0000000002001c20                irqDummy
 .text.irqSet   0x0000000002001c24       0x6c D:/devkitpro/libnds/lib\libnds9.a(interrupts.o)
                0x0000000002001c24                irqSet
 .text.irqInit  0x0000000002001c90       0x50 D:/devkitpro/libnds/lib\libnds9.a(interrupts.o)
                0x0000000002001c90                irqInit
 .text.irqEnable
                0x0000000002001ce0       0x64 D:/devkitpro/libnds/lib\libnds9.a(interrupts.o)
                0x0000000002001ce0                irqEnable
 .text.systemErrorExit
                0x0000000002001d44        0x4 D:/devkitpro/libnds/lib\libnds9.a(libnds_exit.arm.o)
                0x0000000002001d44                systemErrorExit
 .text.__libnds_exit
                0x0000000002001d48       0x5c D:/devkitpro/libnds/lib\libnds9.a(libnds_exit.arm.o)
                0x0000000002001d48                __libnds_exit
 .text.fifo_queueBlock
                0x0000000002001da4       0x44 D:/devkitpro/libnds/lib\libnds9.a(fifosystem.o)
 .text.fifo_waitBlock
                0x0000000002001de8       0x80 D:/devkitpro/libnds/lib\libnds9.a(fifosystem.o)
 .text.fifoInternalSend.part.0
                0x0000000002001e68       0xd4 D:/devkitpro/libnds/lib\libnds9.a(fifosystem.o)
 .text.fifoInternalSendInterrupt
                0x0000000002001f3c       0xa8 D:/devkitpro/libnds/lib\libnds9.a(fifosystem.o)
 .text.fifoSetValue32Handler
                0x0000000002001fe4       0xd8 D:/devkitpro/libnds/lib\libnds9.a(fifosystem.o)
                0x0000000002001fe4                fifoSetValue32Handler
 .text.fifoSendValue32
                0x00000000020020bc       0x4c D:/devkitpro/libnds/lib\libnds9.a(fifosystem.o)
                0x00000000020020bc                fifoSendValue32
 .text.fifoGetDatamsg
                0x0000000002002108       0xf4 D:/devkitpro/libnds/lib\libnds9.a(fifosystem.o)
                0x0000000002002108                fifoGetDatamsg
 .text.fifoInternalRecvInterrupt
                0x00000000020021fc      0x380 D:/devkitpro/libnds/lib\libnds9.a(fifosystem.o)
 .text.fifoSetDatamsgHandler
                0x000000000200257c       0x9c D:/devkitpro/libnds/lib\libnds9.a(fifosystem.o)
                0x000000000200257c                fifoSetDatamsgHandler
 .text.fifoInit
                0x0000000002002618       0xf8 D:/devkitpro/libnds/lib\libnds9.a(fifosystem.o)
                0x0000000002002618                fifoInit
 .text.__libnds_mpu_setup
                0x0000000002002710      0x174 D:/devkitpro/libnds/lib\libnds9.a(mpu_setup.o)
                0x0000000002002710                __libnds_mpu_setup
 .text.memUncached
                0x0000000002002884       0x20 D:/devkitpro/libnds/lib\libnds9.a(mpu_setup.o)
                0x0000000002002884                memUncached
 .text.swiWaitForVBlank
                0x00000000020028a4        0x8 D:/devkitpro/libnds/lib\libnds9.a(IntrWait.o)
                0x00000000020028a4                swiWaitForVBlank
 .text.swiIntrWait
                0x00000000020028ac       0x70 D:/devkitpro/libnds/lib\libnds9.a(IntrWait.o)
                0x00000000020028ac                swiIntrWait
 .text.setCpuClock
                0x000000000200291c       0x50 D:/devkitpro/libnds/lib\libnds9.a(cpu_clock.o)
                0x000000000200291c                setCpuClock
 .text.swiSoftReset
                0x000000000200296c       0x2c D:/devkitpro/libnds/lib\libnds9.a(swiSoftReset.o)
                0x000000000200296c                swiSoftReset
 .text.checkIfText
                0x0000000002002998       0x5c D:/devkitpro/libnds/lib\libnds9.a(background.o)
                0x0000000002002998                checkIfText
 .text.bgUpdate
                0x00000000020029f4       0xf4 D:/devkitpro/libnds/lib\libnds9.a(background.o)
                0x00000000020029f4                bgUpdate
 .text.bgInit_call
                0x0000000002002ae8       0xc4 D:/devkitpro/libnds/lib\libnds9.a(background.o)
                0x0000000002002ae8                bgInit_call
 .text.bgInitSub_call
                0x0000000002002bac       0xcc D:/devkitpro/libnds/lib\libnds9.a(background.o)
                0x0000000002002bac                bgInitSub_call
 .text.vramDefault
                0x0000000002002c78       0xd0 D:/devkitpro/libnds/lib\libnds9.a(video.o)
                0x0000000002002c78                vramDefault
 .text.systemValueHandler
                0x0000000002002d48       0x48 D:/devkitpro/libnds/lib\libnds9.a(system.o)
                0x0000000002002d48                systemValueHandler
 .text.systemMsgHandler
                0x0000000002002d90       0x60 D:/devkitpro/libnds/lib\libnds9.a(system.o)
                0x0000000002002d90                systemMsgHandler
 .text.powerOn  0x0000000002002df0       0x2c D:/devkitpro/libnds/lib\libnds9.a(system.o)
                0x0000000002002df0                powerOn
 .text.sinLutLookup
                0x0000000002002e1c       0x38 D:/devkitpro/libnds/lib\libnds9.a(trig.o)
                0x0000000002002e1c                sinLutLookup
 .text.sinLerp  0x0000000002002e54       0x40 D:/devkitpro/libnds/lib\libnds9.a(trig.o)
                0x0000000002002e54                sinLerp
 .text.cosLerp  0x0000000002002e94       0x4c D:/devkitpro/libnds/lib\libnds9.a(trig.o)
                0x0000000002002e94                cosLerp
 .text.swiDelay
                0x0000000002002ee0        0x4 D:/devkitpro/libnds/lib\libnds9.a(biosCalls.o)
                0x0000000002002ee0                swiDelay
 .text.__libc_init_array
                0x0000000002002ee4       0x88 d:/devkitpro/devkitarm/bin/../lib/gcc/arm-none-eabi/10.2.0/../../../../arm-none-eabi/lib\libg.a(lib_a-init.o)
                0x0000000002002ee4                __libc_init_array
 .text.iprintf  0x0000000002002f6c       0x34 d:/devkitpro/devkitarm/bin/../lib/gcc/arm-none-eabi/10.2.0/../../../../arm-none-eabi/lib\libg.a(lib_a-iprintf.o)
                0x0000000002002f6c                iprintf
 .text.memcpy   0x0000000002002fa0      0x120 d:/devkitpro/devkitarm/bin/../lib/gcc/arm-none-eabi/10.2.0/../../../../arm-none-eabi/lib\libg.a(lib_a-memcpy-stub.o)
                0x0000000002002fa0                memcpy
 .text.memset   0x00000000020030c0      0x11c d:/devkitpro/devkitarm/bin/../lib/gcc/arm-none-eabi/10.2.0/../../../../arm-none-eabi/lib\libg.a(lib_a-memset.o)
                0x00000000020030c0                memset
 .text.setvbuf  0x00000000020031dc      0x268 d:/devkitpro/devkitarm/bin/../lib/gcc/arm-none-eabi/10.2.0/../../../../arm-none-eabi/lib\libg.a(lib_a-setvbuf.o)
                0x00000000020031dc                setvbuf
 .text.siscanf  0x0000000002003444       0x74 d:/devkitpro/devkitarm/bin/../lib/gcc/arm-none-eabi/10.2.0/../../../../arm-none-eabi/lib\libg.a(lib_a-siscanf.o)
                0x0000000002003444                siscanf
 .text.__sread  0x00000000020034b8       0x4c d:/devkitpro/devkitarm/bin/../lib/gcc/arm-none-eabi/10.2.0/../../../../arm-none-eabi/lib\libg.a(lib_a-stdio.o)
                0x00000000020034b8                __sread
 .text.__seofread
                0x0000000002003504        0x8 d:/devkitpro/devkitarm/bin/../lib/gcc/arm-none-eabi/10.2.0/../../../../arm-none-eabi/lib\libg.a(lib_a-stdio.o)
                0x0000000002003504                __seofread
 .text.__swrite
                0x000000000200350c       0x6c d:/devkitpro/devkitarm/bin/../lib/gcc/arm-none-eabi/10.2.0/../../../../arm-none-eabi/lib\libg.a(lib_a-stdio.o)
                0x000000000200350c                __swrite
 .text.__sseek  0x0000000002003578       0x4c d:/devkitpro/devkitarm/bin/../lib/gcc/arm-none-eabi/10.2.0/../../../../arm-none-eabi/lib\libg.a(lib_a-stdio.o)
                0x0000000002003578                __sseek
 .text.__sclose
                0x00000000020035c4       0x14 d:/devkitpro/devkitarm/bin/../lib/gcc/arm-none-eabi/10.2.0/../../../../arm-none-eabi/lib\libg.a(lib_a-stdio.o)
                0x00000000020035c4                __sclose
 .text.strlen   0x00000000020035d8       0x60 d:/devkitpro/devkitarm/bin/../lib/gcc/arm-none-eabi/10.2.0/../../../../arm-none-eabi/lib\libg.a(lib_a-strlen-stub.o)
                0x00000000020035d8                strlen
 .text.get_arg  0x0000000002003638       0x54 d:/devkitpro/devkitarm/bin/../lib/gcc/arm-none-eabi/10.2.0/../../../../arm-none-eabi/lib\libg.a(lib_a-svfiscanf.o)
 .text._sungetc_r
                0x000000000200368c       0xe4 d:/devkitpro/devkitarm/bin/../lib/gcc/arm-none-eabi/10.2.0/../../../../arm-none-eabi/lib\libg.a(lib_a-svfiscanf.o)
                0x000000000200368c                _sungetc_r
 .text.__ssrefill_r
                0x0000000002003770       0x68 d:/devkitpro/devkitarm/bin/../lib/gcc/arm-none-eabi/10.2.0/../../../../arm-none-eabi/lib\libg.a(lib_a-svfiscanf.o)
                0x0000000002003770                __ssrefill_r
 .text._sfread_r
                0x00000000020037d8       0xcc d:/devkitpro/devkitarm/bin/../lib/gcc/arm-none-eabi/10.2.0/../../../../arm-none-eabi/lib\libg.a(lib_a-svfiscanf.o)
                0x00000000020037d8                _sfread_r
 .text.__ssvfiscanf_r
                0x00000000020038a4     0x233c d:/devkitpro/devkitarm/bin/../lib/gcc/arm-none-eabi/10.2.0/../../../../arm-none-eabi/lib\libg.a(lib_a-svfiscanf.o)
                0x00000000020038a4                __ssvfiscanf_r
 .text.__submore
                0x0000000002005be0       0xb0 d:/devkitpro/devkitarm/bin/../lib/gcc/arm-none-eabi/10.2.0/../../../../arm-none-eabi/lib\libg.a(lib_a-ungetc.o)
                0x0000000002005be0                __submore
 .text.get_arg  0x0000000002005c90      0x64c d:/devkitpro/devkitarm/bin/../lib/gcc/arm-none-eabi/10.2.0/../../../../arm-none-eabi/lib\libg.a(lib_a-vfiprintf.o)
 .text.__sprint_r
                0x00000000020062dc       0x34 d:/devkitpro/devkitarm/bin/../lib/gcc/arm-none-eabi/10.2.0/../../../../arm-none-eabi/lib\libg.a(lib_a-vfiprintf.o)
                0x00000000020062dc                __sprint_r
 .text._vfiprintf_r
                0x0000000002006310     0x2598 d:/devkitpro/devkitarm/bin/../lib/gcc/arm-none-eabi/10.2.0/../../../../arm-none-eabi/lib\libg.a(lib_a-vfiprintf.o)
                0x0000000002006310                _vfiprintf_r
 .text.__sbprintf
                0x00000000020088a8       0xd4 d:/devkitpro/devkitarm/bin/../lib/gcc/arm-none-eabi/10.2.0/../../../../arm-none-eabi/lib\libg.a(lib_a-vfiprintf.o)
 .text._wcrtomb_r
                0x000000000200897c       0x5c d:/devkitpro/devkitarm/bin/../lib/gcc/arm-none-eabi/10.2.0/../../../../arm-none-eabi/lib\libg.a(lib_a-wcrtomb.o)
                0x000000000200897c                _wcrtomb_r
 .text._wcsrtombs_r
                0x00000000020089d8       0x2c d:/devkitpro/devkitarm/bin/../lib/gcc/arm-none-eabi/10.2.0/../../../../arm-none-eabi/lib\libg.a(lib_a-wcsrtombs.o)
                0x00000000020089d8                _wcsrtombs_r
 .text.__swsetup_r
                0x0000000002008a04      0x160 d:/devkitpro/devkitarm/bin/../lib/gcc/arm-none-eabi/10.2.0/../../../../arm-none-eabi/lib\libg.a(lib_a-wsetup.o)
                0x0000000002008a04                __swsetup_r
 .text.__sflush_r
                0x0000000002008b64      0x280 d:/devkitpro/devkitarm/bin/../lib/gcc/arm-none-eabi/10.2.0/../../../../arm-none-eabi/lib\libg.a(lib_a-fflush.o)
                0x0000000002008b64                __sflush_r
 .text._fflush_r
                0x0000000002008de4       0x9c d:/devkitpro/devkitarm/bin/../lib/gcc/arm-none-eabi/10.2.0/../../../../arm-none-eabi/lib\libg.a(lib_a-fflush.o)
                0x0000000002008de4                _fflush_r
 .text._cleanup_r
                0x0000000002008e80       0x18 d:/devkitpro/devkitarm/bin/../lib/gcc/arm-none-eabi/10.2.0/../../../../arm-none-eabi/lib\libg.a(lib_a-findfp.o)
                0x0000000002008e80                _cleanup_r
 .text.__sinit  0x0000000002008e98      0x18c d:/devkitpro/devkitarm/bin/../lib/gcc/arm-none-eabi/10.2.0/../../../../arm-none-eabi/lib\libg.a(lib_a-findfp.o)
                0x0000000002008e98                __sinit
 .text.__sfp_lock_acquire
                0x0000000002009024       0x18 d:/devkitpro/devkitarm/bin/../lib/gcc/arm-none-eabi/10.2.0/../../../../arm-none-eabi/lib\libg.a(lib_a-findfp.o)
                0x0000000002009024                __sfp_lock_acquire
 .text.__sfp_lock_release
                0x000000000200903c       0x18 d:/devkitpro/devkitarm/bin/../lib/gcc/arm-none-eabi/10.2.0/../../../../arm-none-eabi/lib\libg.a(lib_a-findfp.o)
                0x000000000200903c                __sfp_lock_release
 .text._malloc_trim_r
                0x0000000002009054      0x100 d:/devkitpro/devkitarm/bin/../lib/gcc/arm-none-eabi/10.2.0/../../../../arm-none-eabi/lib\libg.a(lib_a-freer.o)
                0x0000000002009054                _malloc_trim_r
 .text._free_r  0x0000000002009154      0x2e0 d:/devkitpro/devkitarm/bin/../lib/gcc/arm-none-eabi/10.2.0/../../../../arm-none-eabi/lib\libg.a(lib_a-freer.o)
                0x0000000002009154                _free_r
 .text.__sfvwrite_r
                0x0000000002009434      0x4d0 d:/devkitpro/devkitarm/bin/../lib/gcc/arm-none-eabi/10.2.0/../../../../arm-none-eabi/lib\libg.a(lib_a-fvwrite.o)
                0x0000000002009434                __sfvwrite_r
 .text._fwalk_reent
                0x0000000002009904       0x78 d:/devkitpro/devkitarm/bin/../lib/gcc/arm-none-eabi/10.2.0/../../../../arm-none-eabi/lib\libg.a(lib_a-fwalk.o)
                0x0000000002009904                _fwalk_reent
 .text.iswspace
                0x000000000200997c       0x14 d:/devkitpro/devkitarm/bin/../lib/gcc/arm-none-eabi/10.2.0/../../../../arm-none-eabi/lib\libg.a(lib_a-iswspace.o)
                0x000000000200997c                iswspace
 .text._localeconv_r
                0x0000000002009990        0xc d:/devkitpro/devkitarm/bin/../lib/gcc/arm-none-eabi/10.2.0/../../../../arm-none-eabi/lib\libg.a(lib_a-localeconv.o)
                0x0000000002009990                _localeconv_r
 .text.__locale_mb_cur_max
                0x000000000200999c       0x10 d:/devkitpro/devkitarm/bin/../lib/gcc/arm-none-eabi/10.2.0/../../../../arm-none-eabi/lib\libg.a(lib_a-locale.o)
                0x000000000200999c                __locale_mb_cur_max
 .text.__smakebuf_r
                0x00000000020099ac      0x144 d:/devkitpro/devkitarm/bin/../lib/gcc/arm-none-eabi/10.2.0/../../../../arm-none-eabi/lib\libg.a(lib_a-makebuf.o)
                0x00000000020099ac                __smakebuf_r
 .text.__swhatbuf_r
                0x0000000002009af0       0xa0 d:/devkitpro/devkitarm/bin/../lib/gcc/arm-none-eabi/10.2.0/../../../../arm-none-eabi/lib\libg.a(lib_a-makebuf.o)
                0x0000000002009af0                __swhatbuf_r
 .text.malloc   0x0000000002009b90       0x1c d:/devkitpro/devkitarm/bin/../lib/gcc/arm-none-eabi/10.2.0/../../../../arm-none-eabi/lib\libg.a(lib_a-malloc.o)
                0x0000000002009b90                malloc
 .text.free     0x0000000002009bac       0x1c d:/devkitpro/devkitarm/bin/../lib/gcc/arm-none-eabi/10.2.0/../../../../arm-none-eabi/lib\libg.a(lib_a-malloc.o)
                0x0000000002009bac                free
 .text._malloc_r
                0x0000000002009bc8      0x800 d:/devkitpro/devkitarm/bin/../lib/gcc/arm-none-eabi/10.2.0/../../../../arm-none-eabi/lib\libg.a(lib_a-mallocr.o)
                0x0000000002009bc8                _malloc_r
 .text._mbrtowc_r
                0x000000000200a3c8       0x70 d:/devkitpro/devkitarm/bin/../lib/gcc/arm-none-eabi/10.2.0/../../../../arm-none-eabi/lib\libg.a(lib_a-mbrtowc.o)
                0x000000000200a3c8                _mbrtowc_r
 .text.__utf8_mbtowc
                0x000000000200a438      0x308 d:/devkitpro/devkitarm/bin/../lib/gcc/arm-none-eabi/10.2.0/../../../../arm-none-eabi/lib\libg.a(lib_a-mbtowc_r.o)
                0x000000000200a438                __utf8_mbtowc
 .text.memchr   0x000000000200a740       0xf0 d:/devkitpro/devkitarm/bin/../lib/gcc/arm-none-eabi/10.2.0/../../../../arm-none-eabi/lib\libg.a(lib_a-memchr-stub.o)
                0x000000000200a740                memchr
 .text.memmove  0x000000000200a830      0x158 d:/devkitpro/devkitarm/bin/../lib/gcc/arm-none-eabi/10.2.0/../../../../arm-none-eabi/lib\libg.a(lib_a-memmove.o)
                0x000000000200a830                memmove
 .text.__malloc_lock
                0x000000000200a988       0x18 d:/devkitpro/devkitarm/bin/../lib/gcc/arm-none-eabi/10.2.0/../../../../arm-none-eabi/lib\libg.a(lib_a-mlock.o)
                0x000000000200a988                __malloc_lock
 .text.__malloc_unlock
                0x000000000200a9a0       0x18 d:/devkitpro/devkitarm/bin/../lib/gcc/arm-none-eabi/10.2.0/../../../../arm-none-eabi/lib\libg.a(lib_a-mlock.o)
                0x000000000200a9a0                __malloc_unlock
 .text.realloc  0x000000000200a9b8       0x24 d:/devkitpro/devkitarm/bin/../lib/gcc/arm-none-eabi/10.2.0/../../../../arm-none-eabi/lib\libg.a(lib_a-realloc.o)
                0x000000000200a9b8                realloc
 .text._realloc_r
                0x000000000200a9dc      0x5ac d:/devkitpro/devkitarm/bin/../lib/gcc/arm-none-eabi/10.2.0/../../../../arm-none-eabi/lib\libg.a(lib_a-reallocr.o)
                0x000000000200a9dc                _realloc_r
 .text.__sccl   0x000000000200af88       0xe8 d:/devkitpro/devkitarm/bin/../lib/gcc/arm-none-eabi/10.2.0/../../../../arm-none-eabi/lib\libg.a(lib_a-sccl.o)
                0x000000000200af88                __sccl
 .text.strncpy  0x000000000200b070       0xcc d:/devkitpro/devkitarm/bin/../lib/gcc/arm-none-eabi/10.2.0/../../../../arm-none-eabi/lib\libg.a(lib_a-strncpy.o)
                0x000000000200b070                strncpy
 .text._strtoll_l.constprop.0
                0x000000000200b13c      0x230 d:/devkitpro/devkitarm/bin/../lib/gcc/arm-none-eabi/10.2.0/../../../../arm-none-eabi/lib\libg.a(lib_a-strtoll.o)
 .text._strtoll_r
                0x000000000200b36c        0x4 d:/devkitpro/devkitarm/bin/../lib/gcc/arm-none-eabi/10.2.0/../../../../arm-none-eabi/lib\libg.a(lib_a-strtoll.o)
                0x000000000200b36c                _strtoll_r
 .text._strtol_l.part.0
                0x000000000200b370      0x1b4 d:/devkitpro/devkitarm/bin/../lib/gcc/arm-none-eabi/10.2.0/../../../../arm-none-eabi/lib\libg.a(lib_a-strtol.o)
 .text._strtol_r
                0x000000000200b524       0x3c d:/devkitpro/devkitarm/bin/../lib/gcc/arm-none-eabi/10.2.0/../../../../arm-none-eabi/lib\libg.a(lib_a-strtol.o)
                0x000000000200b524                _strtol_r
 .text._strtoull_l.constprop.0
                0x000000000200b560      0x248 d:/devkitpro/devkitarm/bin/../lib/gcc/arm-none-eabi/10.2.0/../../../../arm-none-eabi/lib\libg.a(lib_a-strtoull.o)
 .text._strtoull_r
                0x000000000200b7a8        0x4 d:/devkitpro/devkitarm/bin/../lib/gcc/arm-none-eabi/10.2.0/../../../../arm-none-eabi/lib\libg.a(lib_a-strtoull.o)
                0x000000000200b7a8                _strtoull_r
 .text._strtoul_l.constprop.0
                0x000000000200b7ac      0x1cc d:/devkitpro/devkitarm/bin/../lib/gcc/arm-none-eabi/10.2.0/../../../../arm-none-eabi/lib\libg.a(lib_a-strtoul.o)
 .text._strtoul_r
                0x000000000200b978        0x4 d:/devkitpro/devkitarm/bin/../lib/gcc/arm-none-eabi/10.2.0/../../../../arm-none-eabi/lib\libg.a(lib_a-strtoul.o)
                0x000000000200b978                _strtoul_r
 .text._wcsnrtombs_l
                0x000000000200b97c      0x1a0 d:/devkitpro/devkitarm/bin/../lib/gcc/arm-none-eabi/10.2.0/../../../../arm-none-eabi/lib\libg.a(lib_a-wcsnrtombs.o)
                0x000000000200b97c                _wcsnrtombs_l
 .text._wcsnrtombs_r
                0x000000000200bb1c       0x50 d:/devkitpro/devkitarm/bin/../lib/gcc/arm-none-eabi/10.2.0/../../../../arm-none-eabi/lib\libg.a(lib_a-wcsnrtombs.o)
                0x000000000200bb1c                _wcsnrtombs_r
 .text.__utf8_wctomb
                0x000000000200bb6c       0xf4 d:/devkitpro/devkitarm/bin/../lib/gcc/arm-none-eabi/10.2.0/../../../../arm-none-eabi/lib\libg.a(lib_a-wctomb_r.o)
                0x000000000200bb6c                __utf8_wctomb
 .text.__errno  0x000000000200bc60       0x10 d:/devkitpro/devkitarm/bin/../lib/gcc/arm-none-eabi/10.2.0/../../../../arm-none-eabi/lib\libg.a(lib_a-errno.o)
                0x000000000200bc60                __errno
 .text._fclose_r
                0x000000000200bc70      0x16c d:/devkitpro/devkitarm/bin/../lib/gcc/arm-none-eabi/10.2.0/../../../../arm-none-eabi/lib\libg.a(lib_a-fclose.o)
                0x000000000200bc70                _fclose_r
 .text.iswspace_l
                0x000000000200bddc       0x44 d:/devkitpro/devkitarm/bin/../lib/gcc/arm-none-eabi/10.2.0/../../../../arm-none-eabi/lib\libg.a(lib_a-iswspace_l.o)
                0x000000000200bddc                iswspace_l
 .text.__jp2uc  0x000000000200be20      0x1e4 d:/devkitpro/devkitarm/bin/../lib/gcc/arm-none-eabi/10.2.0/../../../../arm-none-eabi/lib\libg.a(lib_a-jp2uc.o)
 .text._jp2uc_l
                0x000000000200c004       0x94 d:/devkitpro/devkitarm/bin/../lib/gcc/arm-none-eabi/10.2.0/../../../../arm-none-eabi/lib\libg.a(lib_a-jp2uc.o)
                0x000000000200c004                _jp2uc_l
 .text.category
                0x000000000200c098       0x8c d:/devkitpro/devkitarm/bin/../lib/gcc/arm-none-eabi/10.2.0/../../../../arm-none-eabi/lib\libg.a(lib_a-categories.o)
                0x000000000200c098                category
 .text.null_write
                0x000000000200c124        0x8 d:/devkitpro/devkitarm/bin/../lib/gcc/arm-none-eabi/10.2.0/../../../../arm-none-eabi/lib\libsysbase.a(iosupport.o)
 .text._fstat_r
                0x000000000200c12c       0x7c d:/devkitpro/devkitarm/bin/../lib/gcc/arm-none-eabi/10.2.0/../../../../arm-none-eabi/lib\libsysbase.a(fstat.o)
                0x000000000200c12c                _fstat_r
 .text._isatty_r
                0x000000000200c1a8        0x8 d:/devkitpro/devkitarm/bin/../lib/gcc/arm-none-eabi/10.2.0/../../../../arm-none-eabi/lib\libsysbase.a(isatty.o)
                0x000000000200c1a8                _isatty_r
 .text._lseek_r
                0x000000000200c1b0       0x88 d:/devkitpro/devkitarm/bin/../lib/gcc/arm-none-eabi/10.2.0/../../../../arm-none-eabi/lib\libsysbase.a(lseek.o)
                0x000000000200c1b0                _lseek_r
 .text._read_r  0x000000000200c238       0x84 d:/devkitpro/devkitarm/bin/../lib/gcc/arm-none-eabi/10.2.0/../../../../arm-none-eabi/lib\libsysbase.a(read.o)
                0x000000000200c238                _read_r
 .text._sbrk_r  0x000000000200c2bc       0x7c d:/devkitpro/devkitarm/bin/../lib/gcc/arm-none-eabi/10.2.0/../../../../arm-none-eabi/lib\libsysbase.a(sbrk.o)
                0x000000000200c2bc                _sbrk_r
 .text._write_r
                0x000000000200c338       0x84 d:/devkitpro/devkitarm/bin/../lib/gcc/arm-none-eabi/10.2.0/../../../../arm-none-eabi/lib\libsysbase.a(write.o)
                0x000000000200c338                _write_r
 .text.build_argv
                0x000000000200c3bc       0x80 d:/devkitpro/devkitarm/bin/../lib/gcc/arm-none-eabi/10.2.0/../../../../arm-none-eabi/lib\libsysbase.a(build_argv.o)
                0x000000000200c3bc                build_argv
 .text.__flockfile
                0x000000000200c43c       0x14 d:/devkitpro/devkitarm/bin/../lib/gcc/arm-none-eabi/10.2.0/../../../../arm-none-eabi/lib\libsysbase.a(flock.o)
                0x000000000200c43c                __flockfile
 .text.__funlockfile
                0x000000000200c450       0x14 d:/devkitpro/devkitarm/bin/../lib/gcc/arm-none-eabi/10.2.0/../../../../arm-none-eabi/lib\libsysbase.a(flock.o)
                0x000000000200c450                __funlockfile
 .text.__libc_lock_acquire
                0x000000000200c464       0x18 d:/devkitpro/devkitarm/bin/../lib/gcc/arm-none-eabi/10.2.0/../../../../arm-none-eabi/lib\libsysbase.a(syscall_support.o)
                0x000000000200c464                __libc_lock_acquire
 .text.__libc_lock_release
                0x000000000200c47c       0x18 d:/devkitpro/devkitarm/bin/../lib/gcc/arm-none-eabi/10.2.0/../../../../arm-none-eabi/lib\libsysbase.a(syscall_support.o)
                0x000000000200c47c                __libc_lock_release
 .text.__libc_lock_init_recursive
                0x000000000200c494       0x18 d:/devkitpro/devkitarm/bin/../lib/gcc/arm-none-eabi/10.2.0/../../../../arm-none-eabi/lib\libsysbase.a(syscall_support.o)
                0x000000000200c494                __libc_lock_init_recursive
 .text.__libc_lock_acquire_recursive
                0x000000000200c4ac       0x18 d:/devkitpro/devkitarm/bin/../lib/gcc/arm-none-eabi/10.2.0/../../../../arm-none-eabi/lib\libsysbase.a(syscall_support.o)
                0x000000000200c4ac                __libc_lock_acquire_recursive
 .text.__libc_lock_release_recursive
                0x000000000200c4c4       0x18 d:/devkitpro/devkitarm/bin/../lib/gcc/arm-none-eabi/10.2.0/../../../../arm-none-eabi/lib\libsysbase.a(syscall_support.o)
                0x000000000200c4c4                __libc_lock_release_recursive
 .text.__libc_lock_close_recursive
                0x000000000200c4dc       0x18 d:/devkitpro/devkitarm/bin/../lib/gcc/arm-none-eabi/10.2.0/../../../../arm-none-eabi/lib\libsysbase.a(syscall_support.o)
                0x000000000200c4dc                __libc_lock_close_recursive
 .text.__get_handle
                0x000000000200c4f4       0x40 d:/devkitpro/devkitarm/bin/../lib/gcc/arm-none-eabi/10.2.0/../../../../arm-none-eabi/lib\libsysbase.a(handle_manager.o)
                0x000000000200c4f4                __get_handle
 .text._close_r
                0x000000000200c534       0xfc d:/devkitpro/devkitarm/bin/../lib/gcc/arm-none-eabi/10.2.0/../../../../arm-none-eabi/lib\libsysbase.a(handle_manager.o)
                0x000000000200c534                _close_r
 .text.__getreent
                0x000000000200c630       0x24 d:/devkitpro/devkitarm/bin/../lib/gcc/arm-none-eabi/10.2.0/../../../../arm-none-eabi/lib\libsysbase.a(getreent.o)
                0x000000000200c630                __getreent
 .text.__udivmoddi4
                0x000000000200c654      0x128 d:/devkitpro/devkitarm/bin/../lib/gcc/arm-none-eabi/10.2.0\libgcc.a(_udivmoddi4.o)
                0x000000000200c654                __udivmoddi4
 *fill*         0x000000000200c77c        0x4 ff
 .text.__udivmoddi4.__stub
                0x000000000200c780       0x68 linker stubs
 *(EXCLUDE_FILE(*.twl*) .gnu.warning)
 *(EXCLUDE_FILE(*.twl*) .gnu.linkonce.t*)
 *(.glue_7)
 .glue_7        0x000000000200c7f0        0x0 linker stubs
 *(.glue_7t)
 .glue_7t       0x000000000200c7f0        0x0 linker stubs
                0x000000000200c7f0                . = ALIGN (0x4)

.vfp11_veneer   0x000000000200c7f0        0x0
 .vfp11_veneer  0x000000000200c7f0        0x0 linker stubs

.v4_bx          0x000000000200c7f0        0x0
 .v4_bx         0x000000000200c7f0        0x0 linker stubs

.iplt           0x000000000200c7f0        0x0
 .iplt          0x000000000200c7f0        0x0 d:/devkitpro/devkitarm/bin/../lib/gcc/arm-none-eabi/10.2.0/../../../../arm-none-eabi/lib/ds_arm9_crt0.o

.fini           0x000000000200c7f0       0x18
 *(.fini)
 .fini          0x000000000200c7f0        0xc d:/devkitpro/devkitarm/bin/../lib/gcc/arm-none-eabi/10.2.0/crti.o
                0x000000000200c7f0                _fini
 .fini          0x000000000200c7fc        0xc d:/devkitpro/devkitarm/bin/../lib/gcc/arm-none-eabi/10.2.0/crtn.o
                0x000000000200c808                __text_end = .

.rodata         0x000000000200c820     0x8d78
 *(EXCLUDE_FILE(*.twl*) .rodata)
 *all.rodata*(*)
 *(EXCLUDE_FILE(*.twl*) .roda)
 *(EXCLUDE_FILE(*.twl*) .rodata.*)
 .rodata.str1.4
                0x000000000200c820       0x17 main.o
 *fill*         0x000000000200c837        0x1 ff
 .rodata.con_write.str1.4
                0x000000000200c838       0x30 D:/devkitpro/libnds/lib\libnds9.a(console.o)
 .rodata.con_write
                0x000000000200c868       0xd4 D:/devkitpro/libnds/lib\libnds9.a(console.o)
 .rodata.str1.4
                0x000000000200c93c       0x14 D:/devkitpro/libnds/lib\libnds9.a(console.o)
 .rodata.dotab_stdout
                0x000000000200c950       0x70 D:/devkitpro/libnds/lib\libnds9.a(console.o)
 .rodata.default_font_bin
                0x000000000200c9c0     0x2000 D:/devkitpro/libnds/lib\libnds9.a(default_font.bin.o)
                0x000000000200c9c0                default_font_bin
                0x000000000200e9c0                default_font_bin_end
 .rodata.SIN_LUT
                0x000000000200e9c0      0x102 D:/devkitpro/libnds/lib\libnds9.a(trig.o)
                0x000000000200e9c0                SIN_LUT
 *fill*         0x000000000200eac2        0x2 ff
 .rodata.basefix.0
                0x000000000200eac4       0x22 d:/devkitpro/devkitarm/bin/../lib/gcc/arm-none-eabi/10.2.0/../../../../arm-none-eabi/lib\libg.a(lib_a-svfiscanf.o)
 .rodata._vfiprintf_r.str1.1
                0x000000000200eae6       0x29 d:/devkitpro/devkitarm/bin/../lib/gcc/arm-none-eabi/10.2.0/../../../../arm-none-eabi/lib\libg.a(lib_a-vfiprintf.o)
 *fill*         0x000000000200eb0f        0x1 ff
 .rodata.blanks.1
                0x000000000200eb10       0x10 d:/devkitpro/devkitarm/bin/../lib/gcc/arm-none-eabi/10.2.0/../../../../arm-none-eabi/lib\libg.a(lib_a-vfiprintf.o)
 .rodata.zeroes.0
                0x000000000200eb20       0x10 d:/devkitpro/devkitarm/bin/../lib/gcc/arm-none-eabi/10.2.0/../../../../arm-none-eabi/lib\libg.a(lib_a-vfiprintf.o)
 .rodata._ctype_
                0x000000000200eb30      0x101 d:/devkitpro/devkitarm/bin/../lib/gcc/arm-none-eabi/10.2.0/../../../../arm-none-eabi/lib\libg.a(lib_a-ctype_.o)
                0x000000000200eb30                _ctype_
 *fill*         0x000000000200ec31        0x3 ff
 .rodata.str1.4
                0x000000000200ec34       0x48 d:/devkitpro/devkitarm/bin/../lib/gcc/arm-none-eabi/10.2.0/../../../../arm-none-eabi/lib\libg.a(lib_a-locale.o)
                                         0x4c (size before relaxing)
 .rodata._mbrtowc_r.str1.4
                0x000000000200ec7c        0x1 d:/devkitpro/devkitarm/bin/../lib/gcc/arm-none-eabi/10.2.0/../../../../arm-none-eabi/lib\libg.a(lib_a-mbrtowc.o)
 .rodata.__action_table
                0x000000000200ec7c       0x6c d:/devkitpro/devkitarm/bin/../lib/gcc/arm-none-eabi/10.2.0/../../../../arm-none-eabi/lib\libg.a(lib_a-svfiprintf.o)
                0x000000000200ec7c                __action_table
 .rodata.__chclass
                0x000000000200ece8      0x100 d:/devkitpro/devkitarm/bin/../lib/gcc/arm-none-eabi/10.2.0/../../../../arm-none-eabi/lib\libg.a(lib_a-svfiprintf.o)
                0x000000000200ece8                __chclass
 .rodata.__state_table
                0x000000000200ede8       0x6c d:/devkitpro/devkitarm/bin/../lib/gcc/arm-none-eabi/10.2.0/../../../../arm-none-eabi/lib\libg.a(lib_a-svfiprintf.o)
                0x000000000200ede8                __state_table
 .rodata._jp2uc_l.str1.4
                0x000000000200ee54       0x12 d:/devkitpro/devkitarm/bin/../lib/gcc/arm-none-eabi/10.2.0/../../../../arm-none-eabi/lib\libg.a(lib_a-jp2uc.o)
 *fill*         0x000000000200ee66        0x2 ff
 .rodata.a1     0x000000000200ee68       0xbc d:/devkitpro/devkitarm/bin/../lib/gcc/arm-none-eabi/10.2.0/../../../../arm-none-eabi/lib\libg.a(lib_a-jp2uc.o)
 .rodata.a2     0x000000000200ef24       0xbc d:/devkitpro/devkitarm/bin/../lib/gcc/arm-none-eabi/10.2.0/../../../../arm-none-eabi/lib\libg.a(lib_a-jp2uc.o)
 .rodata.a3     0x000000000200efe0       0x5b d:/devkitpro/devkitarm/bin/../lib/gcc/arm-none-eabi/10.2.0/../../../../arm-none-eabi/lib\libg.a(lib_a-jp2uc.o)
 *fill*         0x000000000200f03b        0x1 ff
 .rodata.a6     0x000000000200f03c       0x70 d:/devkitpro/devkitarm/bin/../lib/gcc/arm-none-eabi/10.2.0/../../../../arm-none-eabi/lib\libg.a(lib_a-jp2uc.o)
 .rodata.a7     0x000000000200f0ac       0xa2 d:/devkitpro/devkitarm/bin/../lib/gcc/arm-none-eabi/10.2.0/../../../../arm-none-eabi/lib\libg.a(lib_a-jp2uc.o)
 *fill*         0x000000000200f14e        0x2 ff
 .rodata.a8     0x000000000200f150       0x40 d:/devkitpro/devkitarm/bin/../lib/gcc/arm-none-eabi/10.2.0/../../../../arm-none-eabi/lib\libg.a(lib_a-jp2uc.o)
 .rodata.b02cf  0x000000000200f190     0x172a d:/devkitpro/devkitarm/bin/../lib/gcc/arm-none-eabi/10.2.0/../../../../arm-none-eabi/lib\libg.a(lib_a-jp2uc.o)
 *fill*         0x00000000020108ba        0x2 ff
 .rodata.d02f4  0x00000000020108bc     0x1a7c d:/devkitpro/devkitarm/bin/../lib/gcc/arm-none-eabi/10.2.0/../../../../arm-none-eabi/lib\libg.a(lib_a-jp2uc.o)
 .rodata.categories
                0x0000000002012338     0x31e6 d:/devkitpro/devkitarm/bin/../lib/gcc/arm-none-eabi/10.2.0/../../../../arm-none-eabi/lib\libg.a(lib_a-categories.o)
 *fill*         0x000000000201551e        0x2 ff
 .rodata.AddDevice.str1.4
                0x0000000002015520        0x8 d:/devkitpro/devkitarm/bin/../lib/gcc/arm-none-eabi/10.2.0/../../../../arm-none-eabi/lib\libsysbase.a(iosupport.o)
 .rodata.dotab_stdnull
                0x0000000002015528       0x70 d:/devkitpro/devkitarm/bin/../lib/gcc/arm-none-eabi/10.2.0/../../../../arm-none-eabi/lib\libsysbase.a(iosupport.o)
                0x0000000002015528                dotab_stdnull
 *(EXCLUDE_FILE(*.twl*) .gnu.linkonce.r*)
                0x0000000002015598                . = ALIGN (0x4)

.ARM.extab
 *(.ARM.extab* .gnu.linkonce.armextab.*)
                0x0000000002015598                __exidx_start = .

ARM.exidx
 *(.ARM.exidx* .gnu.linkonce.armexidx.*)
                0x0000000002015598                __exidx_end = .
                0x0000000002015598                . = ALIGN (0x4)
                0x0000000002015598                PROVIDE (__preinit_array_start = .)

.preinit_array
 *(.preinit_array)
                0x0000000002015598                PROVIDE (__preinit_array_end = .)
                0x0000000002015598                PROVIDE (__init_array_start = .)

.init_array     0x0000000002015598        0x4
 *(SORT_BY_NAME(.init_array.*))
 *(.init_array)
 .init_array    0x0000000002015598        0x4 d:/devkitpro/devkitarm/bin/../lib/gcc/arm-none-eabi/10.2.0/crtbegin.o
                0x000000000201559c                PROVIDE (__init_array_end = .)
                [!provide]                        PROVIDE (__fini_array_start = .)

.fini_array     0x000000000201559c        0x4
 *(.fini_array)
 .fini_array    0x000000000201559c        0x4 d:/devkitpro/devkitarm/bin/../lib/gcc/arm-none-eabi/10.2.0/crtbegin.o
 *(SORT_BY_NAME(.fini_array.*))
                [!provide]                        PROVIDE (__fini_array_end = .)

.ctors          0x00000000020155a0        0x0
 *crtbegin.o(.ctors)
 *(EXCLUDE_FILE(*crtend.o) .ctors)
 *(SORT_BY_NAME(.ctors.*))
 *(.ctors)
                0x00000000020155a0                . = ALIGN (0x4)

.dtors          0x00000000020155a0        0x0
 *crtbegin.o(.dtors)
 *(EXCLUDE_FILE(*crtend.o) .dtors)
 *(SORT_BY_NAME(.dtors.*))
 *(.dtors)
                0x00000000020155a0                . = ALIGN (0x4)

.eh_frame       0x00000000020155a0        0x4
 *(.eh_frame)
 .eh_frame      0x00000000020155a0        0x0 d:/devkitpro/devkitarm/bin/../lib/gcc/arm-none-eabi/10.2.0/crtbegin.o
 .eh_frame      0x00000000020155a0        0x4 d:/devkitpro/devkitarm/bin/../lib/gcc/arm-none-eabi/10.2.0/crtend.o
                0x00000000020155a4                . = ALIGN (0x4)

.rel.dyn        0x00000000020155a4        0x0
 .rel.iplt      0x00000000020155a4        0x0 d:/devkitpro/devkitarm/bin/../lib/gcc/arm-none-eabi/10.2.0/../../../../arm-none-eabi/lib/ds_arm9_crt0.o

.gcc_except_table
                0x00000000020155a4        0x0
 *(.gcc_except_table)
                0x00000000020155a4                . = ALIGN (0x4)

.jcr
 *(.jcr)

.got
 *(.got.plt)
 *(.got)
 *(.rel.got)

.ewram          0x00000000020155a4        0x0
                0x00000000020155a4                __ewram_start = ABSOLUTE (.)
 *(.ewram)
 *ewram.*(.text)
                0x00000000020155a4                . = ALIGN (0x4)

.data           0x00000000020155a4     0x1bb8
                0x00000000020155a4                __data_start = ABSOLUTE (.)
 *(EXCLUDE_FILE(*.twl*) .data)
 .data          0x00000000020155a4       0x28 D:/devkitpro/libnds/lib\libnds9.a(mpu_setup.o)
 *(EXCLUDE_FILE(*.twl*) .data.*)
 .data.currentConsole
                0x00000000020155cc        0x4 D:/devkitpro/libnds/lib\libnds9.a(console.o)
                0x00000000020155cc                currentConsole
 .data.defaultConsole
                0x00000000020155d0       0x5c D:/devkitpro/libnds/lib\libnds9.a(console.o)
                0x00000000020155d0                defaultConsole
 .data.firstConsoleInit.0
                0x000000000201562c        0x1 D:/devkitpro/libnds/lib\libnds9.a(console.o)
 *fill*         0x000000000201562d        0x3 ff
 .data.fifo_buffer_free
                0x0000000002015630        0x4 D:/devkitpro/libnds/lib\libnds9.a(fifosystem.o)
                0x0000000002015630                fifo_buffer_free
 .data.fifo_freewords
                0x0000000002015634        0x4 D:/devkitpro/libnds/lib\libnds9.a(fifosystem.o)
                0x0000000002015634                fifo_freewords
 .data.fifo_receive_queue
                0x0000000002015638        0x4 D:/devkitpro/libnds/lib\libnds9.a(fifosystem.o)
                0x0000000002015638                fifo_receive_queue
 .data.fifo_send_queue
                0x000000000201563c        0x4 D:/devkitpro/libnds/lib\libnds9.a(fifosystem.o)
                0x000000000201563c                fifo_send_queue
 .data.bgControl
                0x0000000002015640       0x20 D:/devkitpro/libnds/lib\libnds9.a(background.o)
                0x0000000002015640                bgControl
 .data.bgScrollTable
                0x0000000002015660       0x20 D:/devkitpro/libnds/lib\libnds9.a(background.o)
                0x0000000002015660                bgScrollTable
 .data.bgTransform
                0x0000000002015680       0x20 D:/devkitpro/libnds/lib\libnds9.a(background.o)
                0x0000000002015680                bgTransform
 .data.__sfp_recursive_mutex
                0x00000000020156a0        0xc d:/devkitpro/devkitarm/bin/../lib/gcc/arm-none-eabi/10.2.0/../../../../arm-none-eabi/lib\libg.a(lib_a-findfp.o)
 .data.__sinit_recursive_mutex
                0x00000000020156ac        0xc d:/devkitpro/devkitarm/bin/../lib/gcc/arm-none-eabi/10.2.0/../../../../arm-none-eabi/lib\libg.a(lib_a-findfp.o)
 .data._impure_ptr
                0x00000000020156b8        0x4 d:/devkitpro/devkitarm/bin/../lib/gcc/arm-none-eabi/10.2.0/../../../../arm-none-eabi/lib\libg.a(lib_a-impure.o)
                0x00000000020156b8                _impure_ptr
 *fill*         0x00000000020156bc        0x4 ff
 .data.impure_data
                0x00000000020156c0      0x460 d:/devkitpro/devkitarm/bin/../lib/gcc/arm-none-eabi/10.2.0/../../../../arm-none-eabi/lib\libg.a(lib_a-impure.o)
 .data.__global_locale
                0x0000000002015b20      0x16c d:/devkitpro/devkitarm/bin/../lib/gcc/arm-none-eabi/10.2.0/../../../../arm-none-eabi/lib\libg.a(lib_a-locale.o)
                0x0000000002015b20                __global_locale
 .data.__malloc_av_
                0x0000000002015c8c      0x408 d:/devkitpro/devkitarm/bin/../lib/gcc/arm-none-eabi/10.2.0/../../../../arm-none-eabi/lib\libg.a(lib_a-mallocr.o)
                0x0000000002015c8c                __malloc_av_
 .data.__malloc_sbrk_base
                0x0000000002016094        0x4 d:/devkitpro/devkitarm/bin/../lib/gcc/arm-none-eabi/10.2.0/../../../../arm-none-eabi/lib\libg.a(lib_a-mallocr.o)
                0x0000000002016094                __malloc_sbrk_base
 .data.__malloc_trim_threshold
                0x0000000002016098        0x4 d:/devkitpro/devkitarm/bin/../lib/gcc/arm-none-eabi/10.2.0/../../../../arm-none-eabi/lib\libg.a(lib_a-mallocr.o)
                0x0000000002016098                __malloc_trim_threshold
 .data.__malloc_recursive_mutex
                0x000000000201609c        0xc d:/devkitpro/devkitarm/bin/../lib/gcc/arm-none-eabi/10.2.0/../../../../arm-none-eabi/lib\libg.a(lib_a-mlock.o)
 .data.devoptab_list
                0x00000000020160a8       0x8c d:/devkitpro/devkitarm/bin/../lib/gcc/arm-none-eabi/10.2.0/../../../../arm-none-eabi/lib\libsysbase.a(iosupport.o)
                0x00000000020160a8                devoptab_list
 .data.__hndl_lock
                0x0000000002016134        0x4 d:/devkitpro/devkitarm/bin/../lib/gcc/arm-none-eabi/10.2.0/../../../../arm-none-eabi/lib\libsysbase.a(handle_manager.o)
 .data.__stderr_handle
                0x0000000002016138        0xc d:/devkitpro/devkitarm/bin/../lib/gcc/arm-none-eabi/10.2.0/../../../../arm-none-eabi/lib\libsysbase.a(handle_manager.o)
 .data.__stdin_handle
                0x0000000002016144        0xc d:/devkitpro/devkitarm/bin/../lib/gcc/arm-none-eabi/10.2.0/../../../../arm-none-eabi/lib\libsysbase.a(handle_manager.o)
 .data.__stdout_handle
                0x0000000002016150        0xc d:/devkitpro/devkitarm/bin/../lib/gcc/arm-none-eabi/10.2.0/../../../../arm-none-eabi/lib\libsysbase.a(handle_manager.o)
 .data.handles  0x000000000201615c     0x1000 d:/devkitpro/devkitarm/bin/../lib/gcc/arm-none-eabi/10.2.0/../../../../arm-none-eabi/lib\libsysbase.a(handle_manager.o)
 *(EXCLUDE_FILE(*.twl*) .gnu.linkonce.d*)
                0x000000000201715c                . = ALIGN (0x4)
                0x000000000201715c                __data_end = ABSOLUTE (.)
                0x000000000201715c                __bss_vma = .

.igot.plt       0x000000000201715c        0x0
 .igot.plt      0x000000000201715c        0x0 d:/devkitpro/devkitarm/bin/../lib/gcc/arm-none-eabi/10.2.0/../../../../arm-none-eabi/lib/ds_arm9_crt0.o

.dtcm           0x0000000002ff0000        0x0 load address 0x000000000201715c
                0x000000000201715c                __dtcm_lma = LOADADDR (.dtcm)
                0x0000000002ff0000                __dtcm_start = ABSOLUTE (.)
 *(.dtcm)
 *(.dtcm.*)
                0x0000000002ff0000                . = ALIGN (0x4)
                0x0000000002ff0000                __dtcm_end = ABSOLUTE (.)

.itcm           0x0000000001000100      0x194 load address 0x000000000201715c
                0x000000000201715c                __itcm_lma = LOADADDR (.itcm)
                0x0000000001000100                __itcm_start = ABSOLUTE (.)
 *(.itcm)
 .itcm          0x0000000001000100       0xc8 D:/devkitpro/libnds/lib\libnds9.a(interrupts.o)
                0x0000000001000100                irqTable
 .itcm          0x00000000010001c8       0xcc D:/devkitpro/libnds/lib\libnds9.a(interruptDispatcher.o)
                0x00000000010001c8                IntrMain
 *.itcm*(.text .stub .text.*)
                0x0000000001000294                . = ALIGN (0x4)
                0x0000000001000294                __itcm_end = ABSOLUTE (.)

.vectors        0x0000000001000000        0x0 load address 0x00000000020172f0
                0x00000000020172f0                __vectors_lma = LOADADDR (.vectors)
                0x0000000001000000                __vectors_start = ABSOLUTE (.)
 *(.vectors .vectors.*)
                0x0000000001000000                . = ALIGN (0x4)
                0x0000000001000000                __vectors_end = ABSOLUTE (.)

.sbss           0x0000000002ff0000        0x0
                0x0000000002ff0000                __sbss_start = ABSOLUTE (.)
                0x0000000002ff0000                __sbss_start__ = ABSOLUTE (.)
 *(.sbss)
                0x0000000002ff0000                . = ALIGN (0x4)
                0x0000000002ff0000                __sbss_end = ABSOLUTE (.)

.bss            0x000000000201715c      0xc98
                0x000000000201715c                __bss_start = ABSOLUTE (.)
                0x000000000201715c                __bss_start__ = ABSOLUTE (.)
 *(EXCLUDE_FILE(*.twl*) .dynbss)
 *(EXCLUDE_FILE(*.twl*) .gnu.linkonce.b*)
 *(EXCLUDE_FILE(*.twl*) .bss*)
 .bss.completed.1
                0x000000000201715c        0x1 d:/devkitpro/devkitarm/bin/../lib/gcc/arm-none-eabi/10.2.0/crtbegin.o
 *fill*         0x000000000201715d        0x3 
 .bss.object.0  0x0000000002017160       0x18 d:/devkitpro/devkitarm/bin/../lib/gcc/arm-none-eabi/10.2.0/crtbegin.o
 .bss.currentCopy
                0x0000000002017178       0x5c D:/devkitpro/libnds/lib\libnds9.a(console.o)
                0x0000000002017178                currentCopy
 .bss.__dsimode
                0x00000000020171d4        0x1 D:/devkitpro/libnds/lib\libnds9.a(initSystem.o)
                0x00000000020171d4                __dsimode
 *fill*         0x00000000020171d5        0x3 
 .bss.punixTime
                0x00000000020171d8        0x4 D:/devkitpro/libnds/lib\libnds9.a(timeSupport.o)
                0x00000000020171d8                punixTime
 .bss.fifo_address_data
                0x00000000020171dc       0x40 D:/devkitpro/libnds/lib\libnds9.a(fifosystem.o)
                0x00000000020171dc                fifo_address_data
 .bss.fifo_address_func
                0x000000000201721c       0x40 D:/devkitpro/libnds/lib\libnds9.a(fifosystem.o)
                0x000000000201721c                fifo_address_func
 .bss.fifo_address_queue
                0x000000000201725c       0x40 D:/devkitpro/libnds/lib\libnds9.a(fifosystem.o)
                0x000000000201725c                fifo_address_queue
 .bss.fifo_buffer
                0x000000000201729c      0x800 D:/devkitpro/libnds/lib\libnds9.a(fifosystem.o)
                0x000000000201729c                fifo_buffer
 .bss.fifo_data_queue
                0x0000000002017a9c       0x40 D:/devkitpro/libnds/lib\libnds9.a(fifosystem.o)
                0x0000000002017a9c                fifo_data_queue
 .bss.fifo_datamsg_data
                0x0000000002017adc       0x40 D:/devkitpro/libnds/lib\libnds9.a(fifosystem.o)
                0x0000000002017adc                fifo_datamsg_data
 .bss.fifo_datamsg_func
                0x0000000002017b1c       0x40 D:/devkitpro/libnds/lib\libnds9.a(fifosystem.o)
                0x0000000002017b1c                fifo_datamsg_func
 .bss.fifo_value32_data
                0x0000000002017b5c       0x40 D:/devkitpro/libnds/lib\libnds9.a(fifosystem.o)
                0x0000000002017b5c                fifo_value32_data
 .bss.fifo_value32_func
                0x0000000002017b9c       0x40 D:/devkitpro/libnds/lib\libnds9.a(fifosystem.o)
                0x0000000002017b9c                fifo_value32_func
 .bss.fifo_value32_queue
                0x0000000002017bdc       0x40 D:/devkitpro/libnds/lib\libnds9.a(fifosystem.o)
                0x0000000002017bdc                fifo_value32_queue
 .bss.processing
                0x0000000002017c1c        0x4 D:/devkitpro/libnds/lib\libnds9.a(fifosystem.o)
                0x0000000002017c1c                processing
 .bss.bgIsTextLut
                0x0000000002017c20        0x8 D:/devkitpro/libnds/lib\libnds9.a(background.o)
                0x0000000002017c20                bgIsTextLut
 .bss.bgState   0x0000000002017c28      0x140 D:/devkitpro/libnds/lib\libnds9.a(background.o)
                0x0000000002017c28                bgState
 .bss.SDcallback
                0x0000000002017d68        0x4 D:/devkitpro/libnds/lib\libnds9.a(system.o)
 .bss.__malloc_current_mallinfo
                0x0000000002017d6c       0x28 d:/devkitpro/devkitarm/bin/../lib/gcc/arm-none-eabi/10.2.0/../../../../arm-none-eabi/lib\libg.a(lib_a-mallocr.o)
                0x0000000002017d6c                __malloc_current_mallinfo
 .bss.__malloc_max_sbrked_mem
                0x0000000002017d94        0x4 d:/devkitpro/devkitarm/bin/../lib/gcc/arm-none-eabi/10.2.0/../../../../arm-none-eabi/lib\libg.a(lib_a-mallocr.o)
                0x0000000002017d94                __malloc_max_sbrked_mem
 .bss.__malloc_max_total_mem
                0x0000000002017d98        0x4 d:/devkitpro/devkitarm/bin/../lib/gcc/arm-none-eabi/10.2.0/../../../../arm-none-eabi/lib\libg.a(lib_a-mallocr.o)
                0x0000000002017d98                __malloc_max_total_mem
 .bss.__malloc_top_pad
                0x0000000002017d9c        0x4 d:/devkitpro/devkitarm/bin/../lib/gcc/arm-none-eabi/10.2.0/../../../../arm-none-eabi/lib\libg.a(lib_a-mallocr.o)
                0x0000000002017d9c                __malloc_top_pad
 .bss.heap_start.0
                0x0000000002017da0        0x4 d:/devkitpro/devkitarm/bin/../lib/gcc/arm-none-eabi/10.2.0/../../../../arm-none-eabi/lib\libsysbase.a(sbrk.o)
 .bss.fake_heap_end
                0x0000000002017da4        0x4 d:/devkitpro/devkitarm/bin/../lib/gcc/arm-none-eabi/10.2.0/../../../../arm-none-eabi/lib\libsysbase.a(malloc_vars.o)
                0x0000000002017da4                fake_heap_end
 .bss.fake_heap_start
                0x0000000002017da8        0x4 d:/devkitpro/devkitarm/bin/../lib/gcc/arm-none-eabi/10.2.0/../../../../arm-none-eabi/lib\libsysbase.a(malloc_vars.o)
                0x0000000002017da8                fake_heap_start
 .bss.__syscalls
                0x0000000002017dac       0x48 d:/devkitpro/devkitarm/bin/../lib/gcc/arm-none-eabi/10.2.0/../../../../arm-none-eabi/lib\libsysbase.a(syscall_support.o)
                0x0000000002017dac                __syscalls
 *(EXCLUDE_FILE(*.twl*) COMMON)
                0x0000000002017df4                . = ALIGN (0x4)
                0x0000000002017df4                __bss_end__ = ABSOLUTE (.)
                0x0000000002017df4                __end__ = ABSOLUTE (.)

.twl            0x0000000002017df4        0x0 load address 0x0000000002400000
                0x0000000002400000                __arm9i_lma__ = LOADADDR (.twl)
                0x0000000002017df4                __arm9i_start__ = ABSOLUTE (.)
 *(.twl)
 *.twl*(.text .stub .text.* .gnu.linkonce.t.*)
 *.twl*(.rodata)
 *.twl*(.roda)
 *.twl*(.rodata.*)
 *.twl*(.data)
 *.twl*(.data.*)
 *.twl*(.gnu.linkonce.d*)
                0x0000000002017df4                __arm9i_end__ = ABSOLUTE (.)

.twl_bss        0x0000000002017df4        0x0
                0x0000000002017df4                __twl_bss_start__ = ABSOLUTE (.)
 *(.twl_bss)
 *.twl*(.dynbss)
 *.twl*(.gnu.linkonce.b*)
 *.twl*(.bss*)
 *.twl*(COMMON)
                0x0000000002017df4                . = ALIGN (0x4)
                0x0000000002017df4                __twl_bss_end__ = ABSOLUTE (.)
                0x0000000002017df4                __twl_end__ = ABSOLUTE (.)

.stab
 *(.stab)

.stabstr
 *(.stabstr)

.stab.excl
 *(.stab.excl)

.stab.exclstr
 *(.stab.exclstr)

.stab.index
 *(.stab.index)

.stab.indexstr
 *(.stab.indexstr)

.comment        0x0000000000000000       0x23
 *(.comment)
 .comment       0x0000000000000000       0x23 d:/devkitpro/devkitarm/bin/../lib/gcc/arm-none-eabi/10.2.0/crtbegin.o
                                         0x24 (size before relaxing)
 .comment       0x0000000000000023       0x24 main.o
 .comment       0x0000000000000023       0x24 D:/devkitpro/libnds/lib\libnds9.a(console.o)
 .comment       0x0000000000000023       0x24 D:/devkitpro/libnds/lib\libnds9.a(initSystem.o)
 .comment       0x0000000000000023       0x24 D:/devkitpro/libnds/lib\libnds9.a(timeSupport.o)
 .comment       0x0000000000000023       0x24 D:/devkitpro/libnds/lib\libnds9.a(securearea.o)
 .comment       0x0000000000000023       0x24 D:/devkitpro/libnds/lib\libnds9.a(interrupts.o)
 .comment       0x0000000000000023       0x24 D:/devkitpro/libnds/lib\libnds9.a(libnds_exit.arm.o)
 .comment       0x0000000000000023       0x24 D:/devkitpro/libnds/lib\libnds9.a(fifosystem.o)
 .comment       0x0000000000000023       0x24 D:/devkitpro/libnds/lib\libnds9.a(background.o)
 .comment       0x0000000000000023       0x24 D:/devkitpro/libnds/lib\libnds9.a(video.o)
 .comment       0x0000000000000023       0x24 D:/devkitpro/libnds/lib\libnds9.a(system.o)
 .comment       0x0000000000000023       0x24 D:/devkitpro/libnds/lib\libnds9.a(trig.o)
 .comment       0x0000000000000023       0x24 d:/devkitpro/devkitarm/bin/../lib/gcc/arm-none-eabi/10.2.0/../../../../arm-none-eabi/lib\libg.a(lib_a-init.o)
 .comment       0x0000000000000023       0x24 d:/devkitpro/devkitarm/bin/../lib/gcc/arm-none-eabi/10.2.0/../../../../arm-none-eabi/lib\libg.a(lib_a-iprintf.o)
 .comment       0x0000000000000023       0x24 d:/devkitpro/devkitarm/bin/../lib/gcc/arm-none-eabi/10.2.0/../../../../arm-none-eabi/lib\libg.a(lib_a-memcpy-stub.o)
 .comment       0x0000000000000023       0x24 d:/devkitpro/devkitarm/bin/../lib/gcc/arm-none-eabi/10.2.0/../../../../arm-none-eabi/lib\libg.a(lib_a-memset.o)
 .comment       0x0000000000000023       0x24 d:/devkitpro/devkitarm/bin/../lib/gcc/arm-none-eabi/10.2.0/../../../../arm-none-eabi/lib\libg.a(lib_a-setvbuf.o)
 .comment       0x0000000000000023       0x24 d:/devkitpro/devkitarm/bin/../lib/gcc/arm-none-eabi/10.2.0/../../../../arm-none-eabi/lib\libg.a(lib_a-siscanf.o)
 .comment       0x0000000000000023       0x24 d:/devkitpro/devkitarm/bin/../lib/gcc/arm-none-eabi/10.2.0/../../../../arm-none-eabi/lib\libg.a(lib_a-stdio.o)
 .comment       0x0000000000000023       0x24 d:/devkitpro/devkitarm/bin/../lib/gcc/arm-none-eabi/10.2.0/../../../../arm-none-eabi/lib\libg.a(lib_a-strlen-stub.o)
 .comment       0x0000000000000023       0x24 d:/devkitpro/devkitarm/bin/../lib/gcc/arm-none-eabi/10.2.0/../../../../arm-none-eabi/lib\libg.a(lib_a-svfiscanf.o)
 .comment       0x0000000000000023       0x24 d:/devkitpro/devkitarm/bin/../lib/gcc/arm-none-eabi/10.2.0/../../../../arm-none-eabi/lib\libg.a(lib_a-ungetc.o)
 .comment       0x0000000000000023       0x24 d:/devkitpro/devkitarm/bin/../lib/gcc/arm-none-eabi/10.2.0/../../../../arm-none-eabi/lib\libg.a(lib_a-vfiprintf.o)
 .comment       0x0000000000000023       0x24 d:/devkitpro/devkitarm/bin/../lib/gcc/arm-none-eabi/10.2.0/../../../../arm-none-eabi/lib\libg.a(lib_a-wcrtomb.o)
 .comment       0x0000000000000023       0x24 d:/devkitpro/devkitarm/bin/../lib/gcc/arm-none-eabi/10.2.0/../../../../arm-none-eabi/lib\libg.a(lib_a-wcsrtombs.o)
 .comment       0x0000000000000023       0x24 d:/devkitpro/devkitarm/bin/../lib/gcc/arm-none-eabi/10.2.0/../../../../arm-none-eabi/lib\libg.a(lib_a-wsetup.o)
 .comment       0x0000000000000023       0x24 d:/devkitpro/devkitarm/bin/../lib/gcc/arm-none-eabi/10.2.0/../../../../arm-none-eabi/lib\libg.a(lib_a-ctype_.o)
 .comment       0x0000000000000023       0x24 d:/devkitpro/devkitarm/bin/../lib/gcc/arm-none-eabi/10.2.0/../../../../arm-none-eabi/lib\libg.a(lib_a-fflush.o)
 .comment       0x0000000000000023       0x24 d:/devkitpro/devkitarm/bin/../lib/gcc/arm-none-eabi/10.2.0/../../../../arm-none-eabi/lib\libg.a(lib_a-findfp.o)
 .comment       0x0000000000000023       0x24 d:/devkitpro/devkitarm/bin/../lib/gcc/arm-none-eabi/10.2.0/../../../../arm-none-eabi/lib\libg.a(lib_a-freer.o)
 .comment       0x0000000000000023       0x24 d:/devkitpro/devkitarm/bin/../lib/gcc/arm-none-eabi/10.2.0/../../../../arm-none-eabi/lib\libg.a(lib_a-fvwrite.o)
 .comment       0x0000000000000023       0x24 d:/devkitpro/devkitarm/bin/../lib/gcc/arm-none-eabi/10.2.0/../../../../arm-none-eabi/lib\libg.a(lib_a-fwalk.o)
 .comment       0x0000000000000023       0x24 d:/devkitpro/devkitarm/bin/../lib/gcc/arm-none-eabi/10.2.0/../../../../arm-none-eabi/lib\libg.a(lib_a-impure.o)
 .comment       0x0000000000000023       0x24 d:/devkitpro/devkitarm/bin/../lib/gcc/arm-none-eabi/10.2.0/../../../../arm-none-eabi/lib\libg.a(lib_a-iswspace.o)
 .comment       0x0000000000000023       0x24 d:/devkitpro/devkitarm/bin/../lib/gcc/arm-none-eabi/10.2.0/../../../../arm-none-eabi/lib\libg.a(lib_a-localeconv.o)
 .comment       0x0000000000000023       0x24 d:/devkitpro/devkitarm/bin/../lib/gcc/arm-none-eabi/10.2.0/../../../../arm-none-eabi/lib\libg.a(lib_a-locale.o)
 .comment       0x0000000000000023       0x24 d:/devkitpro/devkitarm/bin/../lib/gcc/arm-none-eabi/10.2.0/../../../../arm-none-eabi/lib\libg.a(lib_a-makebuf.o)
 .comment       0x0000000000000023       0x24 d:/devkitpro/devkitarm/bin/../lib/gcc/arm-none-eabi/10.2.0/../../../../arm-none-eabi/lib\libg.a(lib_a-malloc.o)
 .comment       0x0000000000000023       0x24 d:/devkitpro/devkitarm/bin/../lib/gcc/arm-none-eabi/10.2.0/../../../../arm-none-eabi/lib\libg.a(lib_a-mallocr.o)
 .comment       0x0000000000000023       0x24 d:/devkitpro/devkitarm/bin/../lib/gcc/arm-none-eabi/10.2.0/../../../../arm-none-eabi/lib\libg.a(lib_a-mbrtowc.o)
 .comment       0x0000000000000023       0x24 d:/devkitpro/devkitarm/bin/../lib/gcc/arm-none-eabi/10.2.0/../../../../arm-none-eabi/lib\libg.a(lib_a-mbtowc_r.o)
 .comment       0x0000000000000023       0x24 d:/devkitpro/devkitarm/bin/../lib/gcc/arm-none-eabi/10.2.0/../../../../arm-none-eabi/lib\libg.a(lib_a-memchr-stub.o)
 .comment       0x0000000000000023       0x24 d:/devkitpro/devkitarm/bin/../lib/gcc/arm-none-eabi/10.2.0/../../../../arm-none-eabi/lib\libg.a(lib_a-memmove.o)
 .comment       0x0000000000000023       0x24 d:/devkitpro/devkitarm/bin/../lib/gcc/arm-none-eabi/10.2.0/../../../../arm-none-eabi/lib\libg.a(lib_a-mlock.o)
 .comment       0x0000000000000023       0x24 d:/devkitpro/devkitarm/bin/../lib/gcc/arm-none-eabi/10.2.0/../../../../arm-none-eabi/lib\libg.a(lib_a-realloc.o)
 .comment       0x0000000000000023       0x24 d:/devkitpro/devkitarm/bin/../lib/gcc/arm-none-eabi/10.2.0/../../../../arm-none-eabi/lib\libg.a(lib_a-reallocr.o)
 .comment       0x0000000000000023       0x24 d:/devkitpro/devkitarm/bin/../lib/gcc/arm-none-eabi/10.2.0/../../../../arm-none-eabi/lib\libg.a(lib_a-sccl.o)
 .comment       0x0000000000000023       0x24 d:/devkitpro/devkitarm/bin/../lib/gcc/arm-none-eabi/10.2.0/../../../../arm-none-eabi/lib\libg.a(lib_a-strncpy.o)
 .comment       0x0000000000000023       0x24 d:/devkitpro/devkitarm/bin/../lib/gcc/arm-none-eabi/10.2.0/../../../../arm-none-eabi/lib\libg.a(lib_a-strtoll.o)
 .comment       0x0000000000000023       0x24 d:/devkitpro/devkitarm/bin/../lib/gcc/arm-none-eabi/10.2.0/../../../../arm-none-eabi/lib\libg.a(lib_a-strtol.o)
 .comment       0x0000000000000023       0x24 d:/devkitpro/devkitarm/bin/../lib/gcc/arm-none-eabi/10.2.0/../../../../arm-none-eabi/lib\libg.a(lib_a-strtoull.o)
 .comment       0x0000000000000023       0x24 d:/devkitpro/devkitarm/bin/../lib/gcc/arm-none-eabi/10.2.0/../../../../arm-none-eabi/lib\libg.a(lib_a-strtoul.o)
 .comment       0x0000000000000023       0x24 d:/devkitpro/devkitarm/bin/../lib/gcc/arm-none-eabi/10.2.0/../../../../arm-none-eabi/lib\libg.a(lib_a-svfiprintf.o)
 .comment       0x0000000000000023       0x24 d:/devkitpro/devkitarm/bin/../lib/gcc/arm-none-eabi/10.2.0/../../../../arm-none-eabi/lib\libg.a(lib_a-wcsnrtombs.o)
 .comment       0x0000000000000023       0x24 d:/devkitpro/devkitarm/bin/../lib/gcc/arm-none-eabi/10.2.0/../../../../arm-none-eabi/lib\libg.a(lib_a-wctomb_r.o)
 .comment       0x0000000000000023       0x24 d:/devkitpro/devkitarm/bin/../lib/gcc/arm-none-eabi/10.2.0/../../../../arm-none-eabi/lib\libg.a(lib_a-errno.o)
 .comment       0x0000000000000023       0x24 d:/devkitpro/devkitarm/bin/../lib/gcc/arm-none-eabi/10.2.0/../../../../arm-none-eabi/lib\libg.a(lib_a-fclose.o)
 .comment       0x0000000000000023       0x24 d:/devkitpro/devkitarm/bin/../lib/gcc/arm-none-eabi/10.2.0/../../../../arm-none-eabi/lib\libg.a(lib_a-iswspace_l.o)
 .comment       0x0000000000000023       0x24 d:/devkitpro/devkitarm/bin/../lib/gcc/arm-none-eabi/10.2.0/../../../../arm-none-eabi/lib\libg.a(lib_a-jp2uc.o)
 .comment       0x0000000000000023       0x24 d:/devkitpro/devkitarm/bin/../lib/gcc/arm-none-eabi/10.2.0/../../../../arm-none-eabi/lib\libg.a(lib_a-categories.o)
 .comment       0x0000000000000023       0x24 d:/devkitpro/devkitarm/bin/../lib/gcc/arm-none-eabi/10.2.0/../../../../arm-none-eabi/lib\libsysbase.a(iosupport.o)
 .comment       0x0000000000000023       0x24 d:/devkitpro/devkitarm/bin/../lib/gcc/arm-none-eabi/10.2.0/../../../../arm-none-eabi/lib\libsysbase.a(fstat.o)
 .comment       0x0000000000000023       0x24 d:/devkitpro/devkitarm/bin/../lib/gcc/arm-none-eabi/10.2.0/../../../../arm-none-eabi/lib\libsysbase.a(isatty.o)
 .comment       0x0000000000000023       0x24 d:/devkitpro/devkitarm/bin/../lib/gcc/arm-none-eabi/10.2.0/../../../../arm-none-eabi/lib\libsysbase.a(lseek.o)
 .comment       0x0000000000000023       0x24 d:/devkitpro/devkitarm/bin/../lib/gcc/arm-none-eabi/10.2.0/../../../../arm-none-eabi/lib\libsysbase.a(read.o)
 .comment       0x0000000000000023       0x24 d:/devkitpro/devkitarm/bin/../lib/gcc/arm-none-eabi/10.2.0/../../../../arm-none-eabi/lib\libsysbase.a(sbrk.o)
 .comment       0x0000000000000023       0x24 d:/devkitpro/devkitarm/bin/../lib/gcc/arm-none-eabi/10.2.0/../../../../arm-none-eabi/lib\libsysbase.a(write.o)
 .comment       0x0000000000000023       0x24 d:/devkitpro/devkitarm/bin/../lib/gcc/arm-none-eabi/10.2.0/../../../../arm-none-eabi/lib\libsysbase.a(malloc_vars.o)
 .comment       0x0000000000000023       0x24 d:/devkitpro/devkitarm/bin/../lib/gcc/arm-none-eabi/10.2.0/../../../../arm-none-eabi/lib\libsysbase.a(build_argv.o)
 .comment       0x0000000000000023       0x24 d:/devkitpro/devkitarm/bin/../lib/gcc/arm-none-eabi/10.2.0/../../../../arm-none-eabi/lib\libsysbase.a(flock.o)
 .comment       0x0000000000000023       0x24 d:/devkitpro/devkitarm/bin/../lib/gcc/arm-none-eabi/10.2.0/../../../../arm-none-eabi/lib\libsysbase.a(syscall_support.o)
 .comment       0x0000000000000023       0x24 d:/devkitpro/devkitarm/bin/../lib/gcc/arm-none-eabi/10.2.0/../../../../arm-none-eabi/lib\libsysbase.a(handle_manager.o)
 .comment       0x0000000000000023       0x24 d:/devkitpro/devkitarm/bin/../lib/gcc/arm-none-eabi/10.2.0/../../../../arm-none-eabi/lib\libsysbase.a(getreent.o)
 .comment       0x0000000000000023       0x24 d:/devkitpro/devkitarm/bin/../lib/gcc/arm-none-eabi/10.2.0\libgcc.a(_udivmoddi4.o)
 .comment       0x0000000000000023       0x24 d:/devkitpro/devkitarm/bin/../lib/gcc/arm-none-eabi/10.2.0/crtend.o

.ARM.attributes
                0x0000000000000000       0x2d
 .ARM.attributes
                0x0000000000000000       0x21 d:/devkitpro/devkitarm/bin/../lib/gcc/arm-none-eabi/10.2.0/../../../../arm-none-eabi/lib/ds_arm9_crt0.o
 .ARM.attributes
                0x0000000000000021       0x1c d:/devkitpro/devkitarm/bin/../lib/gcc/arm-none-eabi/10.2.0/crti.o
 .ARM.attributes
                0x000000000000003d       0x2a d:/devkitpro/devkitarm/bin/../lib/gcc/arm-none-eabi/10.2.0/crtbegin.o
 .ARM.attributes
                0x0000000000000067       0x2b main.o
 .ARM.attributes
                0x0000000000000092       0x2b D:/devkitpro/libnds/lib\libnds9.a(console.o)
 .ARM.attributes
                0x00000000000000bd       0x2b D:/devkitpro/libnds/lib\libnds9.a(initSystem.o)
 .ARM.attributes
                0x00000000000000e8       0x2b D:/devkitpro/libnds/lib\libnds9.a(timeSupport.o)
 .ARM.attributes
                0x0000000000000113       0x2b D:/devkitpro/libnds/lib\libnds9.a(securearea.o)
 .ARM.attributes
                0x000000000000013e       0x2b D:/devkitpro/libnds/lib\libnds9.a(interrupts.o)
 .ARM.attributes
                0x0000000000000169       0x2b D:/devkitpro/libnds/lib\libnds9.a(libnds_exit.arm.o)
 .ARM.attributes
                0x0000000000000194       0x2b D:/devkitpro/libnds/lib\libnds9.a(fifosystem.o)
 .ARM.attributes
                0x00000000000001bf       0x21 D:/devkitpro/libnds/lib\libnds9.a(mpu_setup.o)
 .ARM.attributes
                0x00000000000001e0       0x21 D:/devkitpro/libnds/lib\libnds9.a(IntrWait.o)
 .ARM.attributes
                0x0000000000000201       0x21 D:/devkitpro/libnds/lib\libnds9.a(cpu_clock.o)
 .ARM.attributes
                0x0000000000000222       0x1b D:/devkitpro/libnds/lib\libnds9.a(interruptDispatcher.o)
 .ARM.attributes
                0x000000000000023d       0x21 D:/devkitpro/libnds/lib\libnds9.a(swiSoftReset.o)
 .ARM.attributes
                0x000000000000025e       0x14 D:/devkitpro/libnds/lib\libnds9.a(default_font.bin.o)
 .ARM.attributes
                0x0000000000000272       0x2b D:/devkitpro/libnds/lib\libnds9.a(background.o)
 .ARM.attributes
                0x000000000000029d       0x2b D:/devkitpro/libnds/lib\libnds9.a(video.o)
 .ARM.attributes
                0x00000000000002c8       0x2b D:/devkitpro/libnds/lib\libnds9.a(system.o)
 .ARM.attributes
                0x00000000000002f3       0x2b D:/devkitpro/libnds/lib\libnds9.a(trig.o)
 .ARM.attributes
                0x000000000000031e       0x1b D:/devkitpro/libnds/lib\libnds9.a(biosCalls.o)
 .ARM.attributes
                0x0000000000000339       0x1c d:/devkitpro/devkitarm/bin/../lib/gcc/arm-none-eabi/10.2.0\libgcc.a(_divsi3.o)
 .ARM.attributes
                0x0000000000000355       0x1c d:/devkitpro/devkitarm/bin/../lib/gcc/arm-none-eabi/10.2.0\libgcc.a(_dvmd_tls.o)
 .ARM.attributes
                0x0000000000000371       0x2a d:/devkitpro/devkitarm/bin/../lib/gcc/arm-none-eabi/10.2.0/../../../../arm-none-eabi/lib\libg.a(lib_a-init.o)
 .ARM.attributes
                0x000000000000039b       0x2a d:/devkitpro/devkitarm/bin/../lib/gcc/arm-none-eabi/10.2.0/../../../../arm-none-eabi/lib\libg.a(lib_a-iprintf.o)
 .ARM.attributes
                0x00000000000003c5       0x2a d:/devkitpro/devkitarm/bin/../lib/gcc/arm-none-eabi/10.2.0/../../../../arm-none-eabi/lib\libg.a(lib_a-memcpy-stub.o)
 .ARM.attributes
                0x00000000000003ef       0x2a d:/devkitpro/devkitarm/bin/../lib/gcc/arm-none-eabi/10.2.0/../../../../arm-none-eabi/lib\libg.a(lib_a-memset.o)
 .ARM.attributes
                0x0000000000000419       0x2a d:/devkitpro/devkitarm/bin/../lib/gcc/arm-none-eabi/10.2.0/../../../../arm-none-eabi/lib\libg.a(lib_a-setvbuf.o)
 .ARM.attributes
                0x0000000000000443       0x2a d:/devkitpro/devkitarm/bin/../lib/gcc/arm-none-eabi/10.2.0/../../../../arm-none-eabi/lib\libg.a(lib_a-siscanf.o)
 .ARM.attributes
                0x000000000000046d       0x2a d:/devkitpro/devkitarm/bin/../lib/gcc/arm-none-eabi/10.2.0/../../../../arm-none-eabi/lib\libg.a(lib_a-stdio.o)
 .ARM.attributes
                0x0000000000000497       0x2a d:/devkitpro/devkitarm/bin/../lib/gcc/arm-none-eabi/10.2.0/../../../../arm-none-eabi/lib\libg.a(lib_a-strlen-stub.o)
 .ARM.attributes
                0x00000000000004c1       0x2a d:/devkitpro/devkitarm/bin/../lib/gcc/arm-none-eabi/10.2.0/../../../../arm-none-eabi/lib\libg.a(lib_a-svfiscanf.o)
 .ARM.attributes
                0x00000000000004eb       0x2a d:/devkitpro/devkitarm/bin/../lib/gcc/arm-none-eabi/10.2.0/../../../../arm-none-eabi/lib\libg.a(lib_a-ungetc.o)
 .ARM.attributes
                0x0000000000000515       0x2a d:/devkitpro/devkitarm/bin/../lib/gcc/arm-none-eabi/10.2.0/../../../../arm-none-eabi/lib\libg.a(lib_a-vfiprintf.o)
 .ARM.attributes
                0x000000000000053f       0x2a d:/devkitpro/devkitarm/bin/../lib/gcc/arm-none-eabi/10.2.0/../../../../arm-none-eabi/lib\libg.a(lib_a-wcrtomb.o)
 .ARM.attributes
                0x0000000000000569       0x2a d:/devkitpro/devkitarm/bin/../lib/gcc/arm-none-eabi/10.2.0/../../../../arm-none-eabi/lib\libg.a(lib_a-wcsrtombs.o)
 .ARM.attributes
                0x0000000000000593       0x2a d:/devkitpro/devkitarm/bin/../lib/gcc/arm-none-eabi/10.2.0/../../../../arm-none-eabi/lib\libg.a(lib_a-wsetup.o)
 .ARM.attributes
                0x00000000000005bd       0x2a d:/devkitpro/devkitarm/bin/../lib/gcc/arm-none-eabi/10.2.0/../../../../arm-none-eabi/lib\libg.a(lib_a-ctype_.o)
 .ARM.attributes
                0x00000000000005e7       0x2a d:/devkitpro/devkitarm/bin/../lib/gcc/arm-none-eabi/10.2.0/../../../../arm-none-eabi/lib\libg.a(lib_a-fflush.o)
 .ARM.attributes
                0x0000000000000611       0x2a d:/devkitpro/devkitarm/bin/../lib/gcc/arm-none-eabi/10.2.0/../../../../arm-none-eabi/lib\libg.a(lib_a-findfp.o)
 .ARM.attributes
                0x000000000000063b       0x2a d:/devkitpro/devkitarm/bin/../lib/gcc/arm-none-eabi/10.2.0/../../../../arm-none-eabi/lib\libg.a(lib_a-freer.o)
 .ARM.attributes
                0x0000000000000665       0x2a d:/devkitpro/devkitarm/bin/../lib/gcc/arm-none-eabi/10.2.0/../../../../arm-none-eabi/lib\libg.a(lib_a-fvwrite.o)
 .ARM.attributes
                0x000000000000068f       0x2a d:/devkitpro/devkitarm/bin/../lib/gcc/arm-none-eabi/10.2.0/../../../../arm-none-eabi/lib\libg.a(lib_a-fwalk.o)
 .ARM.attributes
                0x00000000000006b9       0x30 d:/devkitpro/devkitarm/bin/../lib/gcc/arm-none-eabi/10.2.0/../../../../arm-none-eabi/lib\libg.a(lib_a-impure.o)
 .ARM.attributes
                0x00000000000006e9       0x2a d:/devkitpro/devkitarm/bin/../lib/gcc/arm-none-eabi/10.2.0/../../../../arm-none-eabi/lib\libg.a(lib_a-iswspace.o)
 .ARM.attributes
                0x0000000000000713       0x2a d:/devkitpro/devkitarm/bin/../lib/gcc/arm-none-eabi/10.2.0/../../../../arm-none-eabi/lib\libg.a(lib_a-localeconv.o)
 .ARM.attributes
                0x000000000000073d       0x2a d:/devkitpro/devkitarm/bin/../lib/gcc/arm-none-eabi/10.2.0/../../../../arm-none-eabi/lib\libg.a(lib_a-locale.o)
 .ARM.attributes
                0x0000000000000767       0x2a d:/devkitpro/devkitarm/bin/../lib/gcc/arm-none-eabi/10.2.0/../../../../arm-none-eabi/lib\libg.a(lib_a-makebuf.o)
 .ARM.attributes
                0x0000000000000791       0x2a d:/devkitpro/devkitarm/bin/../lib/gcc/arm-none-eabi/10.2.0/../../../../arm-none-eabi/lib\libg.a(lib_a-malloc.o)
 .ARM.attributes
                0x00000000000007bb       0x2a d:/devkitpro/devkitarm/bin/../lib/gcc/arm-none-eabi/10.2.0/../../../../arm-none-eabi/lib\libg.a(lib_a-mallocr.o)
 .ARM.attributes
                0x00000000000007e5       0x2a d:/devkitpro/devkitarm/bin/../lib/gcc/arm-none-eabi/10.2.0/../../../../arm-none-eabi/lib\libg.a(lib_a-mbrtowc.o)
 .ARM.attributes
                0x000000000000080f       0x2a d:/devkitpro/devkitarm/bin/../lib/gcc/arm-none-eabi/10.2.0/../../../../arm-none-eabi/lib\libg.a(lib_a-mbtowc_r.o)
 .ARM.attributes
                0x0000000000000839       0x2a d:/devkitpro/devkitarm/bin/../lib/gcc/arm-none-eabi/10.2.0/../../../../arm-none-eabi/lib\libg.a(lib_a-memchr-stub.o)
 .ARM.attributes
                0x0000000000000863       0x2a d:/devkitpro/devkitarm/bin/../lib/gcc/arm-none-eabi/10.2.0/../../../../arm-none-eabi/lib\libg.a(lib_a-memmove.o)
 .ARM.attributes
                0x000000000000088d       0x2a d:/devkitpro/devkitarm/bin/../lib/gcc/arm-none-eabi/10.2.0/../../../../arm-none-eabi/lib\libg.a(lib_a-mlock.o)
 .ARM.attributes
                0x00000000000008b7       0x2a d:/devkitpro/devkitarm/bin/../lib/gcc/arm-none-eabi/10.2.0/../../../../arm-none-eabi/lib\libg.a(lib_a-realloc.o)
 .ARM.attributes
                0x00000000000008e1       0x2a d:/devkitpro/devkitarm/bin/../lib/gcc/arm-none-eabi/10.2.0/../../../../arm-none-eabi/lib\libg.a(lib_a-reallocr.o)
 .ARM.attributes
                0x000000000000090b       0x2a d:/devkitpro/devkitarm/bin/../lib/gcc/arm-none-eabi/10.2.0/../../../../arm-none-eabi/lib\libg.a(lib_a-sccl.o)
 .ARM.attributes
                0x0000000000000935       0x1a d:/devkitpro/devkitarm/bin/../lib/gcc/arm-none-eabi/10.2.0/../../../../arm-none-eabi/lib\libg.a(lib_a-strcmp.o)
 .ARM.attributes
                0x000000000000094f       0x2a d:/devkitpro/devkitarm/bin/../lib/gcc/arm-none-eabi/10.2.0/../../../../arm-none-eabi/lib\libg.a(lib_a-strncpy.o)
 .ARM.attributes
                0x0000000000000979       0x2a d:/devkitpro/devkitarm/bin/../lib/gcc/arm-none-eabi/10.2.0/../../../../arm-none-eabi/lib\libg.a(lib_a-strtoll.o)
 .ARM.attributes
                0x00000000000009a3       0x2a d:/devkitpro/devkitarm/bin/../lib/gcc/arm-none-eabi/10.2.0/../../../../arm-none-eabi/lib\libg.a(lib_a-strtol.o)
 .ARM.attributes
                0x00000000000009cd       0x2a d:/devkitpro/devkitarm/bin/../lib/gcc/arm-none-eabi/10.2.0/../../../../arm-none-eabi/lib\libg.a(lib_a-strtoull.o)
 .ARM.attributes
                0x00000000000009f7       0x2a d:/devkitpro/devkitarm/bin/../lib/gcc/arm-none-eabi/10.2.0/../../../../arm-none-eabi/lib\libg.a(lib_a-strtoul.o)
 .ARM.attributes
                0x0000000000000a21       0x2a d:/devkitpro/devkitarm/bin/../lib/gcc/arm-none-eabi/10.2.0/../../../../arm-none-eabi/lib\libg.a(lib_a-svfiprintf.o)
 .ARM.attributes
                0x0000000000000a4b       0x2a d:/devkitpro/devkitarm/bin/../lib/gcc/arm-none-eabi/10.2.0/../../../../arm-none-eabi/lib\libg.a(lib_a-wcsnrtombs.o)
 .ARM.attributes
                0x0000000000000a75       0x2a d:/devkitpro/devkitarm/bin/../lib/gcc/arm-none-eabi/10.2.0/../../../../arm-none-eabi/lib\libg.a(lib_a-wctomb_r.o)
 .ARM.attributes
                0x0000000000000a9f       0x2a d:/devkitpro/devkitarm/bin/../lib/gcc/arm-none-eabi/10.2.0/../../../../arm-none-eabi/lib\libg.a(lib_a-errno.o)
 .ARM.attributes
                0x0000000000000ac9       0x2a d:/devkitpro/devkitarm/bin/../lib/gcc/arm-none-eabi/10.2.0/../../../../arm-none-eabi/lib\libg.a(lib_a-fclose.o)
 .ARM.attributes
                0x0000000000000af3       0x2a d:/devkitpro/devkitarm/bin/../lib/gcc/arm-none-eabi/10.2.0/../../../../arm-none-eabi/lib\libg.a(lib_a-iswspace_l.o)
 .ARM.attributes
                0x0000000000000b1d       0x2a d:/devkitpro/devkitarm/bin/../lib/gcc/arm-none-eabi/10.2.0/../../../../arm-none-eabi/lib\libg.a(lib_a-jp2uc.o)
 .ARM.attributes
                0x0000000000000b47       0x2a d:/devkitpro/devkitarm/bin/../lib/gcc/arm-none-eabi/10.2.0/../../../../arm-none-eabi/lib\libg.a(lib_a-categories.o)
 .ARM.attributes
                0x0000000000000b71       0x2a d:/devkitpro/devkitarm/bin/../lib/gcc/arm-none-eabi/10.2.0/../../../../arm-none-eabi/lib\libsysbase.a(iosupport.o)
 .ARM.attributes
                0x0000000000000b9b       0x2a d:/devkitpro/devkitarm/bin/../lib/gcc/arm-none-eabi/10.2.0/../../../../arm-none-eabi/lib\libsysbase.a(fstat.o)
 .ARM.attributes
                0x0000000000000bc5       0x2a d:/devkitpro/devkitarm/bin/../lib/gcc/arm-none-eabi/10.2.0/../../../../arm-none-eabi/lib\libsysbase.a(isatty.o)
 .ARM.attributes
                0x0000000000000bef       0x2a d:/devkitpro/devkitarm/bin/../lib/gcc/arm-none-eabi/10.2.0/../../../../arm-none-eabi/lib\libsysbase.a(lseek.o)
 .ARM.attributes
                0x0000000000000c19       0x2a d:/devkitpro/devkitarm/bin/../lib/gcc/arm-none-eabi/10.2.0/../../../../arm-none-eabi/lib\libsysbase.a(read.o)
 .ARM.attributes
                0x0000000000000c43       0x2a d:/devkitpro/devkitarm/bin/../lib/gcc/arm-none-eabi/10.2.0/../../../../arm-none-eabi/lib\libsysbase.a(sbrk.o)
 .ARM.attributes
                0x0000000000000c6d       0x2a d:/devkitpro/devkitarm/bin/../lib/gcc/arm-none-eabi/10.2.0/../../../../arm-none-eabi/lib\libsysbase.a(write.o)
 .ARM.attributes
                0x0000000000000c97       0x30 d:/devkitpro/devkitarm/bin/../lib/gcc/arm-none-eabi/10.2.0/../../../../arm-none-eabi/lib\libsysbase.a(malloc_vars.o)
 .ARM.attributes
                0x0000000000000cc7       0x2a d:/devkitpro/devkitarm/bin/../lib/gcc/arm-none-eabi/10.2.0/../../../../arm-none-eabi/lib\libsysbase.a(build_argv.o)
 .ARM.attributes
                0x0000000000000cf1       0x2a d:/devkitpro/devkitarm/bin/../lib/gcc/arm-none-eabi/10.2.0/../../../../arm-none-eabi/lib\libsysbase.a(flock.o)
 .ARM.attributes
                0x0000000000000d1b       0x2a d:/devkitpro/devkitarm/bin/../lib/gcc/arm-none-eabi/10.2.0/../../../../arm-none-eabi/lib\libsysbase.a(syscall_support.o)
 .ARM.attributes
                0x0000000000000d45       0x2a d:/devkitpro/devkitarm/bin/../lib/gcc/arm-none-eabi/10.2.0/../../../../arm-none-eabi/lib\libsysbase.a(handle_manager.o)
 .ARM.attributes
                0x0000000000000d6f       0x2a d:/devkitpro/devkitarm/bin/../lib/gcc/arm-none-eabi/10.2.0/../../../../arm-none-eabi/lib\libsysbase.a(getreent.o)
 .ARM.attributes
                0x0000000000000d99       0x1c d:/devkitpro/devkitarm/bin/../lib/gcc/arm-none-eabi/10.2.0\libgcc.a(_udivsi3.o)
 .ARM.attributes
                0x0000000000000db5       0x1c d:/devkitpro/devkitarm/bin/../lib/gcc/arm-none-eabi/10.2.0\libgcc.a(_aeabi_uldivmod.o)
 .ARM.attributes
                0x0000000000000dd1       0x2a d:/devkitpro/devkitarm/bin/../lib/gcc/arm-none-eabi/10.2.0\libgcc.a(_udivmoddi4.o)
 .ARM.attributes
                0x0000000000000dfb       0x1c d:/devkitpro/devkitarm/bin/../lib/gcc/arm-none-eabi/10.2.0\libgcc.a(_clzdi2.o)
 .ARM.attributes
                0x0000000000000e17       0x1c d:/devkitpro/devkitarm/bin/../lib/gcc/arm-none-eabi/10.2.0\libgcc.a(_clzsi2.o)
 .ARM.attributes
                0x0000000000000e33       0x30 d:/devkitpro/devkitarm/bin/../lib/gcc/arm-none-eabi/10.2.0/crtend.o
 .ARM.attributes
                0x0000000000000e63       0x1c d:/devkitpro/devkitarm/bin/../lib/gcc/arm-none-eabi/10.2.0/crtn.o

.debug
 *(.debug)

.line
 *(.line)

.debug_srcinfo
 *(.debug_srcinfo)

.debug_sfnames
 *(.debug_sfnames)

.debug_aranges  0x0000000000000000      0x4f0
 *(.debug_aranges)
 .debug_aranges
                0x0000000000000000       0x20 main.o
 .debug_aranges
                0x0000000000000020       0x80 D:/devkitpro/libnds/lib\libnds9.a(console.o)
 .debug_aranges
                0x00000000000000a0       0x20 D:/devkitpro/libnds/lib\libnds9.a(initSystem.o)
 .debug_aranges
                0x00000000000000c0       0x20 D:/devkitpro/libnds/lib\libnds9.a(timeSupport.o)
 .debug_aranges
                0x00000000000000e0       0x18 D:/devkitpro/libnds/lib\libnds9.a(securearea.o)
 .debug_aranges
                0x00000000000000f8       0x50 D:/devkitpro/libnds/lib\libnds9.a(interrupts.o)
 .debug_aranges
                0x0000000000000148       0x28 D:/devkitpro/libnds/lib\libnds9.a(libnds_exit.arm.o)
 .debug_aranges
                0x0000000000000170       0xb0 D:/devkitpro/libnds/lib\libnds9.a(fifosystem.o)
 .debug_aranges
                0x0000000000000220       0x30 D:/devkitpro/libnds/lib\libnds9.a(mpu_setup.o)
 .debug_aranges
                0x0000000000000250       0x28 D:/devkitpro/libnds/lib\libnds9.a(IntrWait.o)
 .debug_aranges
                0x0000000000000278       0x20 D:/devkitpro/libnds/lib\libnds9.a(cpu_clock.o)
 .debug_aranges
                0x0000000000000298       0x20 D:/devkitpro/libnds/lib\libnds9.a(interruptDispatcher.o)
 .debug_aranges
                0x00000000000002b8       0x20 D:/devkitpro/libnds/lib\libnds9.a(swiSoftReset.o)
 .debug_aranges
                0x00000000000002d8       0x40 D:/devkitpro/libnds/lib\libnds9.a(background.o)
 .debug_aranges
                0x0000000000000318       0x48 D:/devkitpro/libnds/lib\libnds9.a(video.o)
 .debug_aranges
                0x0000000000000360       0x68 D:/devkitpro/libnds/lib\libnds9.a(system.o)
 .debug_aranges
                0x00000000000003c8       0x60 D:/devkitpro/libnds/lib\libnds9.a(trig.o)
 .debug_aranges
                0x0000000000000428       0xc8 D:/devkitpro/libnds/lib\libnds9.a(biosCalls.o)

.debug_pubnames
 *(.debug_pubnames)

.debug_info     0x0000000000000000     0x9071
 *(.debug_info)
 .debug_info    0x0000000000000000      0x409 main.o
 .debug_info    0x0000000000000409     0x26d9 D:/devkitpro/libnds/lib\libnds9.a(console.o)
 .debug_info    0x0000000000002ae2     0x12a5 D:/devkitpro/libnds/lib\libnds9.a(initSystem.o)
 .debug_info    0x0000000000003d87      0xa64 D:/devkitpro/libnds/lib\libnds9.a(timeSupport.o)
 .debug_info    0x00000000000047eb       0x59 D:/devkitpro/libnds/lib\libnds9.a(securearea.o)
 .debug_info    0x0000000000004844      0x68f D:/devkitpro/libnds/lib\libnds9.a(interrupts.o)
 .debug_info    0x0000000000004ed3      0x378 D:/devkitpro/libnds/lib\libnds9.a(libnds_exit.arm.o)
 .debug_info    0x000000000000524b     0x189c D:/devkitpro/libnds/lib\libnds9.a(fifosystem.o)
 .debug_info    0x0000000000006ae7       0x22 D:/devkitpro/libnds/lib\libnds9.a(mpu_setup.o)
 .debug_info    0x0000000000006b09       0x22 D:/devkitpro/libnds/lib\libnds9.a(IntrWait.o)
 .debug_info    0x0000000000006b2b       0x26 D:/devkitpro/libnds/lib\libnds9.a(cpu_clock.o)
 .debug_info    0x0000000000006b51       0x26 D:/devkitpro/libnds/lib\libnds9.a(interruptDispatcher.o)
 .debug_info    0x0000000000006b77       0x26 D:/devkitpro/libnds/lib\libnds9.a(swiSoftReset.o)
 .debug_info    0x0000000000006b9d      0xacd D:/devkitpro/libnds/lib\libnds9.a(background.o)
 .debug_info    0x000000000000766a      0x7c5 D:/devkitpro/libnds/lib\libnds9.a(video.o)
 .debug_info    0x0000000000007e2f      0xa85 D:/devkitpro/libnds/lib\libnds9.a(system.o)
 .debug_info    0x00000000000088b4      0x79b D:/devkitpro/libnds/lib\libnds9.a(trig.o)
 .debug_info    0x000000000000904f       0x22 D:/devkitpro/libnds/lib\libnds9.a(biosCalls.o)

.debug_abbrev   0x0000000000000000     0x203e
 *(.debug_abbrev)
 .debug_abbrev  0x0000000000000000      0x150 main.o
 .debug_abbrev  0x0000000000000150      0x558 D:/devkitpro/libnds/lib\libnds9.a(console.o)
 .debug_abbrev  0x00000000000006a8      0x33f D:/devkitpro/libnds/lib\libnds9.a(initSystem.o)
 .debug_abbrev  0x00000000000009e7      0x1e5 D:/devkitpro/libnds/lib\libnds9.a(timeSupport.o)
 .debug_abbrev  0x0000000000000bcc       0x47 D:/devkitpro/libnds/lib\libnds9.a(securearea.o)
 .debug_abbrev  0x0000000000000c13      0x2dd D:/devkitpro/libnds/lib\libnds9.a(interrupts.o)
 .debug_abbrev  0x0000000000000ef0      0x1a8 D:/devkitpro/libnds/lib\libnds9.a(libnds_exit.arm.o)
 .debug_abbrev  0x0000000000001098      0x491 D:/devkitpro/libnds/lib\libnds9.a(fifosystem.o)
 .debug_abbrev  0x0000000000001529       0x12 D:/devkitpro/libnds/lib\libnds9.a(mpu_setup.o)
 .debug_abbrev  0x000000000000153b       0x12 D:/devkitpro/libnds/lib\libnds9.a(IntrWait.o)
 .debug_abbrev  0x000000000000154d       0x14 D:/devkitpro/libnds/lib\libnds9.a(cpu_clock.o)
 .debug_abbrev  0x0000000000001561       0x14 D:/devkitpro/libnds/lib\libnds9.a(interruptDispatcher.o)
 .debug_abbrev  0x0000000000001575       0x14 D:/devkitpro/libnds/lib\libnds9.a(swiSoftReset.o)
 .debug_abbrev  0x0000000000001589      0x33f D:/devkitpro/libnds/lib\libnds9.a(background.o)
 .debug_abbrev  0x00000000000018c8      0x241 D:/devkitpro/libnds/lib\libnds9.a(video.o)
 .debug_abbrev  0x0000000000001b09      0x2ff D:/devkitpro/libnds/lib\libnds9.a(system.o)
 .debug_abbrev  0x0000000000001e08      0x224 D:/devkitpro/libnds/lib\libnds9.a(trig.o)
 .debug_abbrev  0x000000000000202c       0x12 D:/devkitpro/libnds/lib\libnds9.a(biosCalls.o)

.debug_line     0x0000000000000000     0x5833
 *(.debug_line)
 .debug_line    0x0000000000000000      0x1c8 main.o
 .debug_line    0x00000000000001c8     0x146c D:/devkitpro/libnds/lib\libnds9.a(console.o)
 .debug_line    0x0000000000001634      0x58b D:/devkitpro/libnds/lib\libnds9.a(initSystem.o)
 .debug_line    0x0000000000001bbf      0x1f0 D:/devkitpro/libnds/lib\libnds9.a(timeSupport.o)
 .debug_line    0x0000000000001daf       0x8f D:/devkitpro/libnds/lib\libnds9.a(securearea.o)
 .debug_line    0x0000000000001e3e      0x569 D:/devkitpro/libnds/lib\libnds9.a(interrupts.o)
 .debug_line    0x00000000000023a7      0x252 D:/devkitpro/libnds/lib\libnds9.a(libnds_exit.arm.o)
 .debug_line    0x00000000000025f9     0x142b D:/devkitpro/libnds/lib\libnds9.a(fifosystem.o)
 .debug_line    0x0000000000003a24      0x13c D:/devkitpro/libnds/lib\libnds9.a(mpu_setup.o)
 .debug_line    0x0000000000003b60       0xc7 D:/devkitpro/libnds/lib\libnds9.a(IntrWait.o)
 .debug_line    0x0000000000003c27       0xb0 D:/devkitpro/libnds/lib\libnds9.a(cpu_clock.o)
 .debug_line    0x0000000000003cd7       0xd9 D:/devkitpro/libnds/lib\libnds9.a(interruptDispatcher.o)
 .debug_line    0x0000000000003db0       0xa9 D:/devkitpro/libnds/lib\libnds9.a(swiSoftReset.o)
 .debug_line    0x0000000000003e59      0x6a4 D:/devkitpro/libnds/lib\libnds9.a(background.o)
 .debug_line    0x00000000000044fd      0x4d9 D:/devkitpro/libnds/lib\libnds9.a(video.o)
 .debug_line    0x00000000000049d6      0x4e1 D:/devkitpro/libnds/lib\libnds9.a(system.o)
 .debug_line    0x0000000000004eb7      0x77d D:/devkitpro/libnds/lib\libnds9.a(trig.o)
 .debug_line    0x0000000000005634      0x1ff D:/devkitpro/libnds/lib\libnds9.a(biosCalls.o)

.debug_frame    0x0000000000000000      0x8a8
 *(.debug_frame)
 .debug_frame   0x0000000000000000       0x28 main.o
 .debug_frame   0x0000000000000028      0x180 D:/devkitpro/libnds/lib\libnds9.a(console.o)
 .debug_frame   0x00000000000001a8       0x28 D:/devkitpro/libnds/lib\libnds9.a(initSystem.o)
 .debug_frame   0x00000000000001d0       0x28 D:/devkitpro/libnds/lib\libnds9.a(timeSupport.o)
 .debug_frame   0x00000000000001f8       0xa4 D:/devkitpro/libnds/lib\libnds9.a(interrupts.o)
 .debug_frame   0x000000000000029c       0x38 D:/devkitpro/libnds/lib\libnds9.a(libnds_exit.arm.o)
 .debug_frame   0x00000000000002d4      0x290 D:/devkitpro/libnds/lib\libnds9.a(fifosystem.o)
 .debug_frame   0x0000000000000564       0xb8 D:/devkitpro/libnds/lib\libnds9.a(background.o)
 .debug_frame   0x000000000000061c       0xbc D:/devkitpro/libnds/lib\libnds9.a(video.o)
 .debug_frame   0x00000000000006d8       0xf8 D:/devkitpro/libnds/lib\libnds9.a(system.o)
 .debug_frame   0x00000000000007d0       0xd8 D:/devkitpro/libnds/lib\libnds9.a(trig.o)

.debug_str      0x0000000000000000     0x35bd
 *(.debug_str)
 .debug_str     0x0000000000000000      0x33d main.o
                                        0x39a (size before relaxing)
 .debug_str     0x000000000000033d     0x107a D:/devkitpro/libnds/lib\libnds9.a(console.o)
                                       0x127d (size before relaxing)
 .debug_str     0x00000000000013b7      0x5ad D:/devkitpro/libnds/lib\libnds9.a(initSystem.o)
                                        0xc4b (size before relaxing)
 .debug_str     0x0000000000001964       0x7e D:/devkitpro/libnds/lib\libnds9.a(timeSupport.o)
                                        0x689 (size before relaxing)
 .debug_str     0x00000000000019e2       0x7f D:/devkitpro/libnds/lib\libnds9.a(securearea.o)
                                        0x16e (size before relaxing)
 .debug_str     0x0000000000001a61      0x193 D:/devkitpro/libnds/lib\libnds9.a(interrupts.o)
                                        0x48d (size before relaxing)
 .debug_str     0x0000000000001bf4      0x1db D:/devkitpro/libnds/lib\libnds9.a(libnds_exit.arm.o)
                                        0x3e5 (size before relaxing)
 .debug_str     0x0000000000001dcf      0x4a4 D:/devkitpro/libnds/lib\libnds9.a(fifosystem.o)
                                        0x894 (size before relaxing)
 .debug_str     0x0000000000002273       0x7a D:/devkitpro/libnds/lib\libnds9.a(mpu_setup.o)
                                         0xce (size before relaxing)
 .debug_str     0x00000000000022ed       0x6d D:/devkitpro/libnds/lib\libnds9.a(IntrWait.o)
                                         0xcd (size before relaxing)
 .debug_str     0x000000000000235a       0x6e D:/devkitpro/libnds/lib\libnds9.a(cpu_clock.o)
                                         0xce (size before relaxing)
 .debug_str     0x00000000000023c8       0x73 D:/devkitpro/libnds/lib\libnds9.a(interruptDispatcher.o)
                                         0xd3 (size before relaxing)
 .debug_str     0x000000000000243b       0x6c D:/devkitpro/libnds/lib\libnds9.a(swiSoftReset.o)
                                         0xcc (size before relaxing)
 .debug_str     0x00000000000024a7      0x303 D:/devkitpro/libnds/lib\libnds9.a(background.o)
                                        0x79b (size before relaxing)
 .debug_str     0x00000000000027aa      0x912 D:/devkitpro/libnds/lib\libnds9.a(video.o)
                                        0xc53 (size before relaxing)
 .debug_str     0x00000000000030bc      0x396 D:/devkitpro/libnds/lib\libnds9.a(system.o)
                                        0x791 (size before relaxing)
 .debug_str     0x0000000000003452      0x102 D:/devkitpro/libnds/lib\libnds9.a(trig.o)
                                        0x2e7 (size before relaxing)
 .debug_str     0x0000000000003554       0x69 D:/devkitpro/libnds/lib\libnds9.a(biosCalls.o)
                                         0xc9 (size before relaxing)

.debug_loc      0x0000000000000000     0x4502
 *(.debug_loc)
 .debug_loc     0x0000000000000000     0x159b D:/devkitpro/libnds/lib\libnds9.a(console.o)
 .debug_loc     0x000000000000159b       0xf0 D:/devkitpro/libnds/lib\libnds9.a(initSystem.o)
 .debug_loc     0x000000000000168b       0x25 D:/devkitpro/libnds/lib\libnds9.a(timeSupport.o)
 .debug_loc     0x00000000000016b0      0x26c D:/devkitpro/libnds/lib\libnds9.a(interrupts.o)
 .debug_loc     0x000000000000191c       0x64 D:/devkitpro/libnds/lib\libnds9.a(libnds_exit.arm.o)
 .debug_loc     0x0000000000001980     0x168e D:/devkitpro/libnds/lib\libnds9.a(fifosystem.o)
 .debug_loc     0x000000000000300e      0x427 D:/devkitpro/libnds/lib\libnds9.a(background.o)
 .debug_loc     0x0000000000003435      0x2e5 D:/devkitpro/libnds/lib\libnds9.a(video.o)
 .debug_loc     0x000000000000371a      0x202 D:/devkitpro/libnds/lib\libnds9.a(system.o)
 .debug_loc     0x000000000000391c      0xbe6 D:/devkitpro/libnds/lib\libnds9.a(trig.o)

.debug_macinfo
 *(.debug_macinfo)

.debug_weaknames
 *(.debug_weaknames)

.debug_funcnames
 *(.debug_funcnames)

.debug_typenames
 *(.debug_typenames)

.debug_varnames
 *(.debug_varnames)

.stack          0x0000000000080000        0x0
                0x0000000000080000                _stack = .
 *(.stack)